Component: ARM Compiler 5.06 update 6 (build 750) Tool: armlink [4d35ed]

==============================================================================

Section Cross References

    startup_stm32f103xb.o(STACK) refers (Special) to heapauxi.o(.text) for __use_two_region_memory
    startup_stm32f103xb.o(HEAP) refers (Special) to heapauxi.o(.text) for __use_two_region_memory
    startup_stm32f103xb.o(RESET) refers (Special) to heapauxi.o(.text) for __use_two_region_memory
    startup_stm32f103xb.o(RESET) refers to startup_stm32f103xb.o(STACK) for __initial_sp
    startup_stm32f103xb.o(RESET) refers to startup_stm32f103xb.o(.text) for Reset_Handler
    startup_stm32f103xb.o(RESET) refers to stm32f1xx_it.o(i.NMI_Handler) for NMI_Handler
    startup_stm32f103xb.o(RESET) refers to stm32f1xx_it.o(i.HardFault_Handler) for HardFault_Handler
    startup_stm32f103xb.o(RESET) refers to stm32f1xx_it.o(i.MemManage_Handler) for MemManage_Handler
    startup_stm32f103xb.o(RESET) refers to stm32f1xx_it.o(i.BusFault_Handler) for BusFault_Handler
    startup_stm32f103xb.o(RESET) refers to stm32f1xx_it.o(i.UsageFault_Handler) for UsageFault_Handler
    startup_stm32f103xb.o(RESET) refers to stm32f1xx_it.o(i.SVC_Handler) for SVC_Handler
    startup_stm32f103xb.o(RESET) refers to stm32f1xx_it.o(i.DebugMon_Handler) for DebugMon_Handler
    startup_stm32f103xb.o(RESET) refers to stm32f1xx_it.o(i.PendSV_Handler) for PendSV_Handler
    startup_stm32f103xb.o(RESET) refers to stm32f1xx_it.o(i.SysTick_Handler) for SysTick_Handler
    startup_stm32f103xb.o(RESET) refers to stm32f1xx_it.o(i.USART1_IRQHandler) for USART1_IRQHandler
    startup_stm32f103xb.o(.text) refers (Special) to heapauxi.o(.text) for __use_two_region_memory
    startup_stm32f103xb.o(.text) refers to system_stm32f1xx.o(i.SystemInit) for SystemInit
    startup_stm32f103xb.o(.text) refers to __main.o(!!!main) for __main
    startup_stm32f103xb.o(.text) refers to startup_stm32f103xb.o(HEAP) for Heap_Mem
    startup_stm32f103xb.o(.text) refers to startup_stm32f103xb.o(STACK) for Stack_Mem
    main.o(i.Buzzer_Set) refers to stm32f1xx_hal_gpio.o(i.HAL_GPIO_WritePin) for HAL_GPIO_WritePin
    main.o(i.ControlOutputs) refers to relay.o(i.Relay_SetState) for Relay_SetState
    main.o(i.ControlOutputs) refers to main.o(i.Buzzer_Set) for Buzzer_Set
    main.o(i.ControlOutputs) refers to main.o(.data) for .data
    main.o(i.HAL_UART_RxCpltCallback) refers to rt_memcpy_v6.o(.text) for __aeabi_memcpy
    main.o(i.HAL_UART_RxCpltCallback) refers to main.o(i.CalculateXorChecksum) for CalculateXorChecksum
    main.o(i.HAL_UART_RxCpltCallback) refers to stm32f1xx_hal_uart.o(i.HAL_UART_Receive_IT) for HAL_UART_Receive_IT
    main.o(i.HAL_UART_RxCpltCallback) refers to main.o(.data) for .data
    main.o(i.HAL_UART_RxCpltCallback) refers to main.o(.bss) for .bss
    main.o(i.InitButtonRuntime) refers to stm32f1xx_hal_gpio.o(i.HAL_GPIO_ReadPin) for HAL_GPIO_ReadPin
    main.o(i.IsTimeElapsed) refers to stm32f1xx_hal.o(i.HAL_GetTick) for HAL_GetTick
    main.o(i.LCD_PrintLine) refers to aeabi_memset.o(.text) for __aeabi_memset
    main.o(i.LCD_PrintLine) refers to rt_memcpy_v6.o(.text) for __aeabi_memcpy
    main.o(i.LCD_PrintLine) refers to lcd_i2c.o(i.lcd_gotoxy) for lcd_gotoxy
    main.o(i.LCD_PrintLine) refers to lcd_i2c.o(i.lcd_puts) for lcd_puts
    main.o(i.LCD_PrintLine) refers to main.o(.data) for .data
    main.o(i.MX_ADC1_Init) refers to stm32f1xx_hal_adc.o(i.HAL_ADC_Init) for HAL_ADC_Init
    main.o(i.MX_ADC1_Init) refers to stm32f1xx_hal_adc.o(i.HAL_ADC_ConfigChannel) for HAL_ADC_ConfigChannel
    main.o(i.MX_ADC1_Init) refers to main.o(.bss) for .bss
    main.o(i.MX_ADC2_Init) refers to stm32f1xx_hal_adc.o(i.HAL_ADC_Init) for HAL_ADC_Init
    main.o(i.MX_ADC2_Init) refers to stm32f1xx_hal_adc.o(i.HAL_ADC_ConfigChannel) for HAL_ADC_ConfigChannel
    main.o(i.MX_ADC2_Init) refers to main.o(.bss) for .bss
    main.o(i.MX_GPIO_Init) refers to stm32f1xx_hal_gpio.o(i.HAL_GPIO_WritePin) for HAL_GPIO_WritePin
    main.o(i.MX_GPIO_Init) refers to stm32f1xx_hal_gpio.o(i.HAL_GPIO_Init) for HAL_GPIO_Init
    main.o(i.MX_TIM1_Init) refers to stm32f1xx_hal_tim.o(i.HAL_TIM_Base_Init) for HAL_TIM_Base_Init
    main.o(i.MX_TIM1_Init) refers to stm32f1xx_hal_tim.o(i.HAL_TIM_ConfigClockSource) for HAL_TIM_ConfigClockSource
    main.o(i.MX_TIM1_Init) refers to stm32f1xx_hal_tim_ex.o(i.HAL_TIMEx_MasterConfigSynchronization) for HAL_TIMEx_MasterConfigSynchronization
    main.o(i.MX_TIM1_Init) refers to main.o(.bss) for .bss
    main.o(i.ReadDhtGroup) refers to main.o(i.IsTimeElapsed) for IsTimeElapsed
    main.o(i.ReadDhtGroup) refers to dht11.o(i.readDHT11) for readDHT11
    main.o(i.ReadDhtGroup) refers to main.o(.bss) for .bss
    main.o(i.RunSystemStateMachine) refers to main.o(i.ReadDhtGroup) for ReadDhtGroup
    main.o(i.RunSystemStateMachine) refers to main.o(i.IsTimeElapsed) for IsTimeElapsed
[...]
    ../clib/signal.c                         0x00000000   Number         0  defsig_segv_inner.o ABSOLUTE
    ../clib/signal.c                         0x00000000   Number         0  __raise.o ABSOLUTE
    ../clib/signal.s                         0x00000000   Number         0  defsig.o ABSOLUTE
    ../clib/stdlib.c                         0x00000000   Number         0  exit.o ABSOLUTE
    ../fplib/fflt.s                          0x00000000   Number         0  fflt_clz.o ABSOLUTE
    ../fplib/fpinit.s                        0x00000000   Number         0  fpinit.o ABSOLUTE
    ../fplib/usenofp.s                       0x00000000   Number         0  usenofp.o ABSOLUTE
    ..\Core\Src\main.c                       0x00000000   Number         0  main.o ABSOLUTE
    ..\Core\Src\stm32f1xx_hal_msp.c          0x00000000   Number         0  stm32f1xx_hal_msp.o ABSOLUTE
    ..\Core\Src\stm32f1xx_it.c               0x00000000   Number         0  stm32f1xx_it.o ABSOLUTE
    ..\Core\Src\system_stm32f1xx.c           0x00000000   Number         0  system_stm32f1xx.o ABSOLUTE
    ..\Drivers\STM32F1xx_HAL_Driver\Src\stm32f1xx_hal.c 0x00000000   Number         0  stm32f1xx_hal.o ABSOLUTE
    ..\Drivers\STM32F1xx_HAL_Driver\Src\stm32f1xx_hal_adc.c 0x00000000   Number         0  stm32f1xx_hal_adc.o ABSOLUTE
    ..\Drivers\STM32F1xx_HAL_Driver\Src\stm32f1xx_hal_adc_ex.c 0x00000000   Number         0  stm32f1xx_hal_adc_ex.o ABSOLUTE
    ..\Drivers\STM32F1xx_HAL_Driver\Src\stm32f1xx_hal_cortex.c 0x00000000   Number         0  stm32f1xx_hal_cortex.o ABSOLUTE
    ..\Drivers\STM32F1xx_HAL_Driver\Src\stm32f1xx_hal_dma.c 0x00000000   Number         0  stm32f1xx_hal_dma.o ABSOLUTE
    ..\Drivers\STM32F1xx_HAL_Driver\Src\stm32f1xx_hal_exti.c 0x00000000   Number         0  stm32f1xx_hal_exti.o ABSOLUTE
    ..\Drivers\STM32F1xx_HAL_Driver\Src\stm32f1xx_hal_flash.c 0x00000000   Number         0  stm32f1xx_hal_flash.o ABSOLUTE
    ..\Drivers\STM32F1xx_HAL_Driver\Src\stm32f1xx_hal_flash_ex.c 0x00000000   Number         0  stm32f1xx_hal_flash_ex.o ABSOLUTE
    ..\Drivers\STM32F1xx_HAL_Driver\Src\stm32f1xx_hal_gpio.c 0x00000000   Number         0  stm32f1xx_hal_gpio.o ABSOLUTE
    ..\Drivers\STM32F1xx_HAL_Driver\Src\stm32f1xx_hal_gpio_ex.c 0x00000000   Number         0  stm32f1xx_hal_gpio_ex.o ABSOLUTE
    ..\Drivers\STM32F1xx_HAL_Driver\Src\stm32f1xx_hal_i2c.c 0x00000000   Number         0  stm32f1xx_hal_i2c.o ABSOLUTE
    ..\Drivers\STM32F1xx_HAL_Driver\Src\stm32f1xx_hal_pwr.c 0x00000000   Number         0  stm32f1xx_hal_pwr.o ABSOLUTE
    ..\Drivers\STM32F1xx_HAL_Driver\Src\stm32f1xx_hal_rcc.c 0x00000000   Number         0  stm32f1xx_hal_rcc.o ABSOLUTE
    ..\Drivers\STM32F1xx_HAL_Driver\Src\stm32f1xx_hal_rcc_ex.c 0x00000000   Number         0  stm32f1xx_hal_rcc_ex.o ABSOLUTE
    ..\Drivers\STM32F1xx_HAL_Driver\Src\stm32f1xx_hal_tim.c 0x00000000   Number         0  stm32f1xx_hal_tim.o ABSOLUTE
    ..\Drivers\STM32F1xx_HAL_Driver\Src\stm32f1xx_hal_tim_ex.c 0x00000000   Number         0  stm32f1xx_hal_tim_ex.o ABSOLUTE
    ..\Drivers\STM32F1xx_HAL_Driver\Src\stm32f1xx_hal_uart.c 0x00000000   Number         0  stm32f1xx_hal_uart.o ABSOLUTE
    ..\\myLib\\src\\Button.c                 0x00000000   Number         0  button.o ABSOLUTE
    ..\\myLib\\src\\DHT11.c                  0x00000000   Number         0  dht11.o ABSOLUTE
    ..\\myLib\\src\\LCD_I2C.c                0x00000000   Number         0  lcd_i2c.o ABSOLUTE
    ..\\myLib\\src\\LDR.c                    0x00000000   Number         0  ldr.o ABSOLUTE
    ..\\myLib\\src\\Mq2.c                    0x00000000   Number         0  mq2.o ABSOLUTE
    ..\\myLib\\src\\Relay.c                  0x00000000   Number         0  relay.o ABSOLUTE
    ..\myLib\src\Button.c                    0x00000000   Number         0  button.o ABSOLUTE
    ..\myLib\src\DHT11.c                     0x00000000   Number         0  dht11.o ABSOLUTE
    ..\myLib\src\LCD_I2C.c                   0x00000000   Number         0  lcd_i2c.o ABSOLUTE
    ..\myLib\src\LDR.c                       0x00000000   Number         0  ldr.o ABSOLUTE
    ..\myLib\src\Mq2.c                       0x00000000   Number         0  mq2.o ABSOLUTE
    ..\myLib\src\Relay.c                     0x00000000   Number         0  relay.o ABSOLUTE
    dc.s                                     0x00000000   Number         0  dc.o ABSOLUTE
    startup_stm32f103xb.s                    0x00000000   Number         0  startup_stm32f103xb.o ABSOLUTE
    RESET                                    0x08000000   Section      236  startup_stm32f103xb.o(RESET)
    !!!main                                  0x080000ec   Section        8  __main.o(!!!main)
    !!!scatter                               0x080000f4   Section       52  __scatter.o(!!!scatter)
    !!handler_copy                           0x08000128   Section       26  __scatter_copy.o(!!handler_copy)
    !!handler_zi                             0x08000144   Section       28  __scatter_zi.o(!!handler_zi)
    .ARM.Collect$$_printf_percent$$00000000  0x08000160   Section        0  _printf_percent.o(.ARM.Collect$$_printf_percent$$00000000)
    .ARM.Collect$$_printf_percent$$0000000A  0x08000160   Section        6  _printf_u.o(.ARM.Collect$$_printf_percent$$0000000A)
    .ARM.Collect$$_printf_percent$$00000014  0x08000166   Section        6  _printf_s.o(.ARM.Collect$$_printf_percent$$00000014)
    .ARM.Collect$$_printf_percent$$00000017  0x0800016c   Section        4  _printf_percent_end.o(.ARM.Collect$$_printf_percent$$00000017)
    .ARM.Collect$$libinit$$00000000          0x08000170   Section        2  libinit.o(.ARM.Collect$$libinit$$00000000)
    .ARM.Collect$$libinit$$00000002          0x08000172   Section        0  libinit2.o(.ARM.Collect$$libinit$$00000002)
    .ARM.Collect$$libinit$$00000004          0x08000172   Section        0  libinit2.o(.ARM.Collect$$libinit$$00000004)
    .ARM.Collect$$libinit$$0000000A          0x08000172   Section        0  libinit2.o(.ARM.Collect$$libinit$$0000000A)
    .ARM.Collect$$libinit$$0000000C          0x08000172   Section        0  libinit2.o(.ARM.Collect$$libinit$$0000000C)
    .ARM.Collect$$libinit$$0000000E          0x08000172   Section        0  libinit2.o(.ARM.Collect$$libinit$$0000000E)
    .ARM.Collect$$libinit$$00000011          0x08000172   Section        0  libinit2.o(.ARM.Collect$$libinit$$00000011)
    .ARM.Collect$$libinit$$00000013          0x08000172   Section        0  libinit2.o(.ARM.Collect$$libinit$$00000013)
    .ARM.Collect$$libinit$$00000015          0x08000172   Section        0  libinit2.o(.ARM.Collect$$libinit$$00000015)
    .ARM.Collect$$libinit$$00000017          0x08000172   Section        0  libinit2.o(.ARM.Collect$$libinit$$00000017)
    .ARM.Collect$$libinit$$00000019          0x08000172   Section        0  libinit2.o(.ARM.Collect$$libinit$$00000019)
    .ARM.Collect$$libinit$$0000001B          0x08000172   Section        0  libinit2.o(.ARM.Collect$$libinit$$0000001B)
    .ARM.Collect$$libinit$$0000001D          0x08000172   Section        0  libinit2.o(.ARM.Collect$$libinit$$0000001D)
    .ARM.Collect$$libinit$$0000001F          0x08000172   Section        0  libinit2.o(.ARM.Collect$$libinit$$0000001F)
    .ARM.Collect$$libinit$$00000021          0x08000172   Section        0  libinit2.o(.ARM.Collect$$libinit$$00000021)
    .ARM.Collect$$libinit$$00000023          0x08000172   Section        0  libinit2.o(.ARM.Collect$$libinit$$00000023)
    .ARM.Collect$$libinit$$00000025          0x08000172   Section        0  libinit2.o(.ARM.Collect$$libinit$$00000025)
    .ARM.Collect$$libinit$$0000002C          0x08000172   Section        0  libinit2.o(.ARM.Collect$$libinit$$0000002C)
    .ARM.Collect$$libinit$$0000002E          0x08000172   Section        0  libinit2.o(.ARM.Collect$$libinit$$0000002E)
    .ARM.Collect$$libinit$$00000030          0x08000172   Section        0  libinit2.o(.ARM.Collect$$libinit$$00000030)
    .ARM.Collect$$libinit$$00000032          0x08000172   Section        0  libinit2.o(.ARM.Collect$$libinit$$00000032)
    .ARM.Collect$$libinit$$00000033          0x08000172   Section        2  libinit2.o(.ARM.Collect$$libinit$$00000033)
    .ARM.Collect$$libshutdown$$00000000      0x08000174   Section        2  libshutdown.o(.ARM.Collect$$libshutdown$$00000000)
    .ARM.Collect$$libshutdown$$00000002      0x08000176   Section        0  libshutdown2.o(.ARM.Collect$$libshutdown$$00000002)
    .ARM.Collect$$libshutdown$$00000004      0x08000176   Section        0  libshutdown2.o(.ARM.Collect$$libshutdown$$00000004)
    .ARM.Collect$$libshutdown$$00000007      0x08000176   Section        0  libshutdown2.o(.ARM.Collect$$libshutdown$$00000007)
    .ARM.Collect$$libshutdown$$0000000A      0x08000176   Section        0  libshutdown2.o(.ARM.Collect$$libshutdown$$0000000A)
    .ARM.Collect$$libshutdown$$0000000C      0x08000176   Section        0  libshutdown2.o(.ARM.Collect$$libshutdown$$0000000C)
    .ARM.Collect$$libshutdown$$0000000F      0x08000176   Section        0  libshutdown2.o(.ARM.Collect$$libshutdown$$0000000F)
    .ARM.Collect$$libshutdown$$00000010      0x08000176   Section        2  libshutdown2.o(.ARM.Collect$$libshutdown$$00000010)
    .ARM.Collect$$rtentry$$00000000          0x08000178   Section        0  __rtentry.o(.ARM.Collect$$rtentry$$00000000)
    .ARM.Collect$$rtentry$$00000002          0x08000178   Section        0  __rtentry2.o(.ARM.Collect$$rtentry$$00000002)
    .ARM.Collect$$rtentry$$00000004          0x08000178   Section        6  __rtentry4.o(.ARM.Collect$$rtentry$$00000004)
    .ARM.Collect$$rtentry$$00000009          0x0800017e   Section        0  __rtentry2.o(.ARM.Collect$$rtentry$$00000009)
    .ARM.Collect$$rtentry$$0000000A          0x0800017e   Section        4  __rtentry2.o(.ARM.Collect$$rtentry$$0000000A)
    .ARM.Collect$$rtentry$$0000000C          0x08000182   Section        0  __rtentry2.o(.ARM.Collect$$rtentry$$0000000C)
    .ARM.Collect$$rtentry$$0000000D          0x08000182   Section        8  __rtentry2.o(.ARM.Collect$$rtentry$$0000000D)
    .ARM.Collect$$rtexit$$00000000           0x0800018a   Section        2  rtexit.o(.ARM.Collect$$rtexit$$00000000)
    .ARM.Collect$$rtexit$$00000002           0x0800018c   Section        0  rtexit2.o(.ARM.Collect$$rtexit$$00000002)
    .ARM.Collect$$rtexit$$00000003           0x0800018c   Section        4  rtexit2.o(.ARM.Collect$$rtexit$$00000003)
    .ARM.Collect$$rtexit$$00000004           0x08000190   Section        6  rtexit2.o(.ARM.Collect$$rtexit$$00000004)
    .text                                    0x08000198   Section       64  startup_stm32f103xb.o(.text)
    .text                                    0x080001d8   Section        0  noretval__2snprintf.o(.text)
    .text                                    0x0800020c   Section        0  _printf_pad.o(.text)
    .text                                    0x0800025a   Section        0  _printf_str.o(.text)
    .text                                    0x080002ac   Section        0  _printf_dec.o(.text)
    .text                                    0x08000324   Section        0  __printf_wp.o(.text)
    .text                                    0x08000432   Section      138  rt_memcpy_v6.o(.text)
    .text                                    0x080004bc   Section       16  aeabi_memset.o(.text)
    .text                                    0x080004cc   Section       78  rt_memclr_w.o(.text)
    .text                                    0x0800051a   Section        0  heapauxi.o(.text)
    .text                                    0x08000520   Section        0  _printf_intcommon.o(.text)
    .text                                    0x080005d4   Section        0  _printf_char_common.o(.text)
    _printf_input_char                       0x080005d5   Thumb Code    10  _printf_char_common.o(.text)
    .text                                    0x08000604   Section        0  _sputc.o(.text)
    .text                                    0x0800060e   Section        0  _snputc.o(.text)
    .text                                    0x0800061e   Section        0  _printf_char.o(.text)
    .text                                    0x0800064a   Section      100  rt_memcpy_w.o(.text)
    .text                                    0x080006ae   Section       68  rt_memclr.o(.text)
    .text                                    0x080006f2   Section       74  sys_stackheap_outer.o(.text)
    .text                                    0x0800073c   Section        0  exit.o(.text)
    .text                                    0x08000750   Section        8  libspace.o(.text)
    .text                                    0x08000758   Section        0  sys_exit.o(.text)
    .text                                    0x08000764   Section        2  use_no_semi.o(.text)
    .text                                    0x08000766   Section        0  indicate_semi.o(.text)
    i.ADC_ConversionStop_Disable             0x08000768   Section        0  stm32f1xx_hal_adc.o(i.ADC_ConversionStop_Disable)
    i.ADC_Enable                             0x080007c0   Section        0  stm32f1xx_hal_adc.o(i.ADC_Enable)
    i.BusFault_Handler                       0x0800083c   Section        0  stm32f1xx_it.o(i.BusFault_Handler)
    i.Buzzer_Set                             0x08000840   Section        0  main.o(i.Buzzer_Set)
    Buzzer_Set                               0x08000841   Thumb Code    16  main.o(i.Buzzer_Set)
    i.CalculateXorChecksum                   0x08000854   Section        0  main.o(i.CalculateXorChecksum)
    CalculateXorChecksum                     0x08000855   Thumb Code    24  main.o(i.CalculateXorChecksum)
    i.ControlOutputs                         0x0800086c   Section        0  main.o(i.ControlOutputs)
    ControlOutputs                           0x0800086d   Thumb Code   132  main.o(i.ControlOutputs)
    i.DHT11_Init                             0x080008f4   Section        0  dht11.o(i.DHT11_Init)
    i.DebugMon_Handler                       0x080008fc   Section        0  stm32f1xx_it.o(i.DebugMon_Handler)
    i.HAL_ADC_ConfigChannel                  0x08000900   Section        0  stm32f1xx_hal_adc.o(i.HAL_ADC_ConfigChannel)
    i.HAL_ADC_GetValue                       0x080009fc   Section        0  stm32f1xx_hal_adc.o(i.HAL_ADC_GetValue)
    i.HAL_ADC_Init                           0x08000a04   Section        0  stm32f1xx_hal_adc.o(i.HAL_ADC_Init)
    i.HAL_ADC_MspInit                        0x08000b20   Section        0  stm32f1xx_hal_msp.o(i.HAL_ADC_MspInit)
    i.HAL_ADC_PollForConversion              0x08000ba8   Section        0  stm32f1xx_hal_adc.o(i.HAL_ADC_PollForConversion)
    i.HAL_ADC_Start                          0x08000ce4   Section        0  stm32f1xx_hal_adc.o(i.HAL_ADC_Start)
    i.HAL_ADC_Stop                           0x08000da4   Section        0  stm32f1xx_hal_adc.o(i.HAL_ADC_Stop)
    i.HAL_DMA_Abort                          0x08000dd8   Section        0  stm32f1xx_hal_dma.o(i.HAL_DMA_Abort)
    i.HAL_DMA_Abort_IT                       0x08000e20   Section        0  stm32f1xx_hal_dma.o(i.HAL_DMA_Abort_IT)
    i.HAL_Delay                              0x08000eb8   Section        0  stm32f1xx_hal.o(i.HAL_Delay)
    i.HAL_GPIO_Init                          0x08000edc   Section        0  stm32f1xx_hal_gpio.o(i.HAL_GPIO_Init)
    i.HAL_GPIO_ReadPin                       0x080010bc   Section        0  stm32f1xx_hal_gpio.o(i.HAL_GPIO_ReadPin)
    i.HAL_GPIO_WritePin                      0x080010c6   Section        0  stm32f1xx_hal_gpio.o(i.HAL_GPIO_WritePin)
    i.HAL_GetTick                            0x080010d0   Section        0  stm32f1xx_hal.o(i.HAL_GetTick)
    i.HAL_I2C_Init                           0x080010dc   Section        0  stm32f1xx_hal_i2c.o(i.HAL_I2C_Init)
    i.HAL_I2C_Master_Transmit                0x08001264   Section        0  stm32f1xx_hal_i2c.o(i.HAL_I2C_Master_Transmit)
    i.HAL_I2C_MspInit                        0x08001390   Section        0  stm32f1xx_hal_msp.o(i.HAL_I2C_MspInit)
    i.HAL_IncTick                            0x080013ec   Section        0  stm32f1xx_hal.o(i.HAL_IncTick)
    i.HAL_Init                               0x080013fc   Section        0  stm32f1xx_hal.o(i.HAL_Init)
    i.HAL_InitTick                           0x08001420   Section        0  stm32f1xx_hal.o(i.HAL_InitTick)
    i.HAL_MspInit                            0x08001460   Section        0  stm32f1xx_hal_msp.o(i.HAL_MspInit)
    i.HAL_NVIC_EnableIRQ                     0x0800149c   Section        0  stm32f1xx_hal_cortex.o(i.HAL_NVIC_EnableIRQ)
    i.HAL_NVIC_SetPriority                   0x080014b8   Section        0  stm32f1xx_hal_cortex.o(i.HAL_NVIC_SetPriority)
    i.HAL_NVIC_SetPriorityGrouping           0x080014f8   Section        0  stm32f1xx_hal_cortex.o(i.HAL_NVIC_SetPriorityGrouping)
    i.HAL_RCCEx_GetPeriphCLKFreq             0x0800151c   Section        0  stm32f1xx_hal_rcc_ex.o(i.HAL_RCCEx_GetPeriphCLKFreq)
    i.HAL_RCCEx_PeriphCLKConfig              0x080015c0   Section        0  stm32f1xx_hal_rcc_ex.o(i.HAL_RCCEx_PeriphCLKConfig)
    i.HAL_RCC_ClockConfig                    0x080016ac   Section        0  stm32f1xx_hal_rcc.o(i.HAL_RCC_ClockConfig)
    i.HAL_RCC_GetPCLK1Freq                   0x080017d8   Section        0  stm32f1xx_hal_rcc.o(i.HAL_RCC_GetPCLK1Freq)
    i.HAL_RCC_GetPCLK2Freq                   0x080017f8   Section        0  stm32f1xx_hal_rcc.o(i.HAL_RCC_GetPCLK2Freq)
    i.HAL_RCC_GetSysClockFreq                0x08001818   Section        0  stm32f1xx_hal_rcc.o(i.HAL_RCC_GetSysClockFreq)
    i.HAL_RCC_OscConfig                      0x08001864   Section        0  stm32f1xx_hal_rcc.o(i.HAL_RCC_OscConfig)
    i.HAL_SYSTICK_Config                     0x08001b84   Section        0  stm32f1xx_hal_cortex.o(i.HAL_SYSTICK_Config)
    i.HAL_TIMEx_MasterConfigSynchronization  0x08001bac   Section        0  stm32f1xx_hal_tim_ex.o(i.HAL_TIMEx_MasterConfigSynchronization)
    i.HAL_TIM_Base_Init                      0x08001c14   Section        0  stm32f1xx_hal_tim.o(i.HAL_TIM_Base_Init)
    i.HAL_TIM_Base_MspInit                   0x08001c70   Section        0  stm32f1xx_hal_msp.o(i.HAL_TIM_Base_MspInit)
    i.HAL_TIM_Base_Start                     0x08001c98   Section        0  stm32f1xx_hal_tim.o(i.HAL_TIM_Base_Start)
    i.HAL_TIM_Base_Stop                      0x08001ce8   Section        0  stm32f1xx_hal_tim.o(i.HAL_TIM_Base_Stop)
    i.HAL_TIM_ConfigClockSource              0x08001d0e   Section        0  stm32f1xx_hal_tim.o(i.HAL_TIM_ConfigClockSource)
    i.HAL_UARTEx_RxEventCallback             0x08001dea   Section        0  stm32f1xx_hal_uart.o(i.HAL_UARTEx_RxEventCallback)
    i.HAL_UART_ErrorCallback                 0x08001dec   Section        0  stm32f1xx_hal_uart.o(i.HAL_UART_ErrorCallback)
    i.HAL_UART_IRQHandler                    0x08001df0   Section        0  stm32f1xx_hal_uart.o(i.HAL_UART_IRQHandler)
    i.HAL_UART_Init                          0x0800205c   Section        0  stm32f1xx_hal_uart.o(i.HAL_UART_Init)
    i.HAL_UART_MspInit                       0x080020c0   Section        0  stm32f1xx_hal_msp.o(i.HAL_UART_MspInit)
    i.HAL_UART_Receive_IT                    0x08002140   Section        0  stm32f1xx_hal_uart.o(i.HAL_UART_Receive_IT)
    i.HAL_UART_RxCpltCallback                0x0800215c   Section        0  main.o(i.HAL_UART_RxCpltCallback)
    i.HAL_UART_Transmit                      0x08002204   Section        0  stm32f1xx_hal_uart.o(i.HAL_UART_Transmit)
    i.HAL_UART_TxCpltCallback                0x080022a4   Section        0  stm32f1xx_hal_uart.o(i.HAL_UART_TxCpltCallback)
    i.HardFault_Handler                      0x080022a6   Section        0  stm32f1xx_it.o(i.HardFault_Handler)
    i.I2C_IsAcknowledgeFailed                0x080022a8   Section        0  stm32f1xx_hal_i2c.o(i.I2C_IsAcknowledgeFailed)
    I2C_IsAcknowledgeFailed                  0x080022a9   Thumb Code    46  stm32f1xx_hal_i2c.o(i.I2C_IsAcknowledgeFailed)
    i.I2C_MasterRequestWrite                 0x080022d8   Section        0  stm32f1xx_hal_i2c.o(i.I2C_MasterRequestWrite)
    I2C_MasterRequestWrite                   0x080022d9   Thumb Code   150  stm32f1xx_hal_i2c.o(i.I2C_MasterRequestWrite)
    i.I2C_WaitOnBTFFlagUntilTimeout          0x08002374   Section        0  stm32f1xx_hal_i2c.o(i.I2C_WaitOnBTFFlagUntilTimeout)
    I2C_WaitOnBTFFlagUntilTimeout            0x08002375   Thumb Code    86  stm32f1xx_hal_i2c.o(i.I2C_WaitOnBTFFlagUntilTimeout)
    i.I2C_WaitOnFlagUntilTimeout             0x080023cc   Section        0  stm32f1xx_hal_i2c.o(i.I2C_WaitOnFlagUntilTimeout)
    I2C_WaitOnFlagUntilTimeout               0x080023cd   Thumb Code   144  stm32f1xx_hal_i2c.o(i.I2C_WaitOnFlagUntilTimeout)
    i.I2C_WaitOnMasterAddressFlagUntilTimeout 0x0800245c   Section        0  stm32f1xx_hal_i2c.o(i.I2C_WaitOnMasterAddressFlagUntilTimeout)
    I2C_WaitOnMasterAddressFlagUntilTimeout  0x0800245d   Thumb Code   188  stm32f1xx_hal_i2c.o(i.I2C_WaitOnMasterAddressFlagUntilTimeout)
    i.I2C_WaitOnTXEFlagUntilTimeout          0x08002518   Section        0  stm32f1xx_hal_i2c.o(i.I2C_WaitOnTXEFlagUntilTimeout)
    I2C_WaitOnTXEFlagUntilTimeout            0x08002519   Thumb Code    86  stm32f1xx_hal_i2c.o(i.I2C_WaitOnTXEFlagUntilTimeout)
    i.InitButtonRuntime                      0x0800256e   Section        0  main.o(i.InitButtonRuntime)
    InitButtonRuntime                        0x0800256f   Thumb Code    20  main.o(i.InitButtonRuntime)
    i.IsTimeElapsed                          0x08002582   Section        0  main.o(i.IsTimeElapsed)
    IsTimeElapsed                            0x08002583   Thumb Code    28  main.o(i.IsTimeElapsed)
    i.LCD_PrintLine                          0x080025a0   Section        0  main.o(i.LCD_PrintLine)
    LCD_PrintLine                            0x080025a1   Thumb Code    74  main.o(i.LCD_PrintLine)
    i.LDR_Read_ADC                           0x080025f0   Section        0  ldr.o(i.LDR_Read_ADC)
    i.LDR_Read_ADC_Average                   0x0800261e   Section        0  ldr.o(i.LDR_Read_ADC_Average)
    i.MQ2_Read_ADC                           0x0800264e   Section        0  mq2.o(i.MQ2_Read_ADC)
    i.MQ2_Read_ADC_Average                   0x0800267c   Section        0  mq2.o(i.MQ2_Read_ADC_Average)
    i.MX_ADC1_Init                           0x080026ac   Section        0  main.o(i.MX_ADC1_Init)
    MX_ADC1_Init                             0x080026ad   Thumb Code    72  main.o(i.MX_ADC1_Init)
    i.MX_ADC2_Init                           0x080026fc   Section        0  main.o(i.MX_ADC2_Init)
    MX_ADC2_Init                             0x080026fd   Thumb Code    70  main.o(i.MX_ADC2_Init)
    i.MX_GPIO_Init                           0x0800274c   Section        0  main.o(i.MX_GPIO_Init)
    MX_GPIO_Init                             0x0800274d   Thumb Code   216  main.o(i.MX_GPIO_Init)
    i.MX_TIM1_Init                           0x08002830   Section        0  main.o(i.MX_TIM1_Init)
    MX_TIM1_Init                             0x08002831   Thumb Code    96  main.o(i.MX_TIM1_Init)
    i.MemManage_Handler                      0x08002898   Section        0  stm32f1xx_it.o(i.MemManage_Handler)
    i.NMI_Handler                            0x0800289a   Section        0  stm32f1xx_it.o(i.NMI_Handler)
    i.PendSV_Handler                         0x0800289c   Section        0  stm32f1xx_it.o(i.PendSV_Handler)
    i.ReadDhtGroup                           0x080028a0   Section        0  main.o(i.ReadDhtGroup)
    ReadDhtGroup                             0x080028a1   Thumb Code   120  main.o(i.ReadDhtGroup)
    i.Relay_Init                             0x0800291c   Section        0  relay.o(i.Relay_Init)
    i.Relay_SetState                         0x08002922   Section        0  relay.o(i.Relay_SetState)
    i.Relay_Write                            0x08002926   Section        0  relay.o(i.Relay_Write)
    Relay_Write                              0x08002927   Thumb Code    34  relay.o(i.Relay_Write)
    i.RunSystemStateMachine                  0x08002948   Section        0  main.o(i.RunSystemStateMachine)
    RunSystemStateMachine                    0x08002949   Thumb Code   116  main.o(i.RunSystemStateMachine)
    i.SVC_Handler                            0x080029c0   Section        0  stm32f1xx_it.o(i.SVC_Handler)
    i.ScanButtons                            0x080029c4   Section        0  main.o(i.ScanButtons)
    ScanButtons                              0x080029c5   Thumb Code   144  main.o(i.ScanButtons)
    i.SendTelemetry                          0x08002a5c   Section        0  main.o(i.SendTelemetry)
    SendTelemetry                            0x08002a5d   Thumb Code   140  main.o(i.SendTelemetry)
    i.SysTick_Handler                        0x08002aec   Section        0  stm32f1xx_it.o(i.SysTick_Handler)
    i.SystemClock_Config                     0x08002af0   Section        0  main.o(i.SystemClock_Config)
    i.SystemInit                             0x08002b68   Section        0  system_stm32f1xx.o(i.SystemInit)
    i.TIM_Base_SetConfig                     0x08002b6c   Section        0  stm32f1xx_hal_tim.o(i.TIM_Base_SetConfig)
    i.TIM_ETR_SetConfig                      0x08002be4   Section        0  stm32f1xx_hal_tim.o(i.TIM_ETR_SetConfig)
    i.TIM_ITRx_SetConfig                     0x08002bf8   Section        0  stm32f1xx_hal_tim.o(i.TIM_ITRx_SetConfig)
    TIM_ITRx_SetConfig                       0x08002bf9   Thumb Code    16  stm32f1xx_hal_tim.o(i.TIM_ITRx_SetConfig)
    i.TIM_TI1_ConfigInputStage               0x08002c08   Section        0  stm32f1xx_hal_tim.o(i.TIM_TI1_ConfigInputStage)
    TIM_TI1_ConfigInputStage                 0x08002c09   Thumb Code    34  stm32f1xx_hal_tim.o(i.TIM_TI1_ConfigInputStage)
    i.TIM_TI2_ConfigInputStage               0x08002c2a   Section        0  stm32f1xx_hal_tim.o(i.TIM_TI2_ConfigInputStage)
    TIM_TI2_ConfigInputStage                 0x08002c2b   Thumb Code    36  stm32f1xx_hal_tim.o(i.TIM_TI2_ConfigInputStage)
    i.UART_DMAAbortOnError                   0x08002c4e   Section        0  stm32f1xx_hal_uart.o(i.UART_DMAAbortOnError)
    UART_DMAAbortOnError                     0x08002c4f   Thumb Code    16  stm32f1xx_hal_uart.o(i.UART_DMAAbortOnError)
    i.UART_EndRxTransfer                     0x08002c5e   Section        0  stm32f1xx_hal_uart.o(i.UART_EndRxTransfer)
    UART_EndRxTransfer                       0x08002c5f   Thumb Code    78  stm32f1xx_hal_uart.o(i.UART_EndRxTransfer)
    i.UART_Receive_IT                        0x08002cac   Section        0  stm32f1xx_hal_uart.o(i.UART_Receive_IT)
    UART_Receive_IT                          0x08002cad   Thumb Code   194  stm32f1xx_hal_uart.o(i.UART_Receive_IT)
    i.UART_SetConfig                         0x08002d70   Section        0  stm32f1xx_hal_uart.o(i.UART_SetConfig)
    UART_SetConfig                           0x08002d71   Thumb Code   178  stm32f1xx_hal_uart.o(i.UART_SetConfig)
    i.UART_Start_Receive_IT                  0x08002e28   Section        0  stm32f1xx_hal_uart.o(i.UART_Start_Receive_IT)
    i.UART_WaitOnFlagUntilTimeout            0x08002e5e   Section        0  stm32f1xx_hal_uart.o(i.UART_WaitOnFlagUntilTimeout)
    UART_WaitOnFlagUntilTimeout              0x08002e5f   Thumb Code   114  stm32f1xx_hal_uart.o(i.UART_WaitOnFlagUntilTimeout)
    i.USART1_IRQHandler                      0x08002ed0   Section        0  stm32f1xx_it.o(i.USART1_IRQHandler)
    i.UpdateScreen                           0x08002edc   Section        0  main.o(i.UpdateScreen)
    UpdateScreen                             0x08002edd   Thumb Code   204  main.o(i.UpdateScreen)
    i.UsageFault_Handler                     0x08003014   Section        0  stm32f1xx_it.o(i.UsageFault_Handler)
    i.__NVIC_SetPriority                     0x08003016   Section        0  stm32f1xx_hal_cortex.o(i.__NVIC_SetPriority)
    __NVIC_SetPriority                       0x08003017   Thumb Code    32  stm32f1xx_hal_cortex.o(i.__NVIC_SetPriority)
    i._is_digit                              0x08003036   Section        0  __printf_wp.o(i._is_digit)
    i.btn_press_short_callback               0x08003044   Section        0  main.o(i.btn_press_short_callback)
    i.btn_press_timeout_callback             0x08003080   Section        0  main.o(i.btn_press_timeout_callback)
    i.btn_pressing_callback                  0x08003098   Section        0  button.o(i.btn_pressing_callback)
    i.btn_release_callback                   0x0800309a   Section        0  button.o(i.btn_release_callback)
    i.button_handle                          0x0800309c   Section        0  button.o(i.button_handle)
    i.button_init                            0x0800312c   Section        0  button.o(i.button_init)
    i.lcd_clear                              0x08003132   Section        0  lcd_i2c.o(i.lcd_clear)
    i.lcd_gotoxy                             0x08003144   Section        0  lcd_i2c.o(i.lcd_gotoxy)
    i.lcd_init                               0x08003158   Section        0  lcd_i2c.o(i.lcd_init)
    i.lcd_puts                               0x080031de   Section        0  lcd_i2c.o(i.lcd_puts)
    i.lcd_send_cmd                           0x080031f6   Section        0  lcd_i2c.o(i.lcd_send_cmd)
    i.lcd_send_data                          0x08003230   Section        0  lcd_i2c.o(i.lcd_send_data)
    i.main                                   0x0800326c   Section        0  main.o(i.main)
    i.readDHT11                              0x080033f0   Section        0  dht11.o(i.readDHT11)
    i.set_dht11_gpio_mode                    0x080035a2   Section        0  dht11.o(i.set_dht11_gpio_mode)
    x$fpl$ffltu                              0x080035d4   Section       38  fflt_clz.o(x$fpl$ffltu)
    .constdata                               0x080035fa   Section       18  stm32f1xx_hal_rcc.o(.constdata)
    x$fpl$usenofp                            0x080035fa   Section        0  usenofp.o(x$fpl$usenofp)
    aPredivFactorTable                       0x080035fa   Data           2  stm32f1xx_hal_rcc.o(.constdata)
    aPLLMULFactorTable                       0x080035fc   Data          16  stm32f1xx_hal_rcc.o(.constdata)
    .constdata                               0x0800360c   Section       18  stm32f1xx_hal_rcc_ex.o(.constdata)
    aPredivFactorTable                       0x0800360c   Data           2  stm32f1xx_hal_rcc_ex.o(.constdata)
    aPLLMULFactorTable                       0x0800360e   Data          16  stm32f1xx_hal_rcc_ex.o(.constdata)
    .constdata                               0x0800361e   Section       16  system_stm32f1xx.o(.constdata)
    .constdata                               0x0800362e   Section        8  system_stm32f1xx.o(.constdata)
    .data                                    0x20000000   Section       32  main.o(.data)
    .data                                    0x20000020   Section       12  stm32f1xx_hal.o(.data)
    .data                                    0x2000002c   Section        4  system_stm32f1xx.o(.data)
    .bss                                     0x20000030   Section      552  main.o(.bss)
    .bss                                     0x20000258   Section       96  libspace.o(.bss)
    HEAP                                     0x200002b8   Section      512  startup_stm32f103xb.o(HEAP)
    Heap_Mem                                 0x200002b8   Data         512  startup_stm32f103xb.o(HEAP)
    STACK                                    0x200004b8   Section     1024  startup_stm32f103xb.o(STACK)
    Stack_Mem                                0x200004b8   Data        1024  startup_stm32f103xb.o(STACK)
    __initial_sp                             0x200008b8   Data           0  startup_stm32f103xb.o(STACK)

    Global Symbols

    Symbol Name                              Value     Ov Type        Size  Object(Section)

    BuildAttributes$$THM_ISAv4$P$D$K$B$S$PE$A:L22UL41UL21$X:L11$S22US41US21$IEEE1$IW$USESV6$~STKCKD$USESV7$~SHL$OSPACE$ROPI$EBA8$UX$STANDARDLIB$REQ8$PRES8$EABIv2 0x00000000   Number         0  anon$$obj.o ABSOLUTE
    __ARM_use_no_argv                        0x00000000   Number         0  main.o ABSOLUTE
    _printf_flags                            0x00000000   Number         0  printf_stubs.o ABSOLUTE
    _printf_return_value                     0x00000000   Number         0  printf_stubs.o ABSOLUTE
    _printf_sizespec                         0x00000000   Number         0  printf_stubs.o ABSOLUTE
    _printf_widthprec                        0x00000000   Number         0  printf_stubs.o ABSOLUTE
    __ARM_exceptions_init                     - Undefined Weak Reference
    __alloca_initialize                       - Undefined Weak Reference
    __arm_preinit_                            - Undefined Weak Reference
    __cpp_initialize__aeabi_                  - Undefined Weak Reference
    __cxa_finalize                            - Undefined Weak Reference
    __rt_locale                               - Undefined Weak Reference
    __sigvec_lookup                           - Undefined Weak Reference
    _atexit_init                              - Undefined Weak Reference
    _call_atexit_fns                          - Undefined Weak Reference
    _clock_init                               - Undefined Weak Reference
    _fp_trap_init                             - Undefined Weak Reference
    _fp_trap_shutdown                         - Undefined Weak Reference
    _get_lc_collate                           - Undefined Weak Reference
    _get_lc_ctype                             - Undefined Weak Reference
    _get_lc_monetary                          - Undefined Weak Reference
    _get_lc_numeric                           - Undefined Weak Reference
    _get_lc_time                              - Undefined Weak Reference
    _getenv_init                              - Undefined Weak Reference
    _handle_redirection                       - Undefined Weak Reference
    _init_alloc                               - Undefined Weak Reference
    _init_user_alloc                          - Undefined Weak Reference
    _initio                                   - Undefined Weak Reference
    _printf_mbtowc                            - Undefined Weak Reference
    _printf_truncate_signed                   - Undefined Weak Reference
    _printf_truncate_unsigned                 - Undefined Weak Reference
    _rand_init                                - Undefined Weak Reference
    _signal_finish                            - Undefined Weak Reference
    _signal_init                              - Undefined Weak Reference
    _terminate_alloc                          - Undefined Weak Reference
    _terminate_user_alloc                     - Undefined Weak Reference
    _terminateio                              - Undefined Weak Reference
    __Vectors_Size                           0x000000ec   Number         0  startup_stm32f103xb.o ABSOLUTE
    __Vectors                                0x08000000   Data           4  startup_stm32f103xb.o(RESET)
    __Vectors_End                            0x080000ec   Data           0  startup_stm32f103xb.o(RESET)
    __main                                   0x080000ed   Thumb Code     8  __main.o(!!!main)
    __scatterload                            0x080000f5   Thumb Code     0  __scatter.o(!!!scatter)
    __scatterload_rt2                        0x080000f5   Thumb Code    44  __scatter.o(!!!scatter)
    __scatterload_rt2_thumb_only             0x080000f5   Thumb Code     0  __scatter.o(!!!scatter)
    __scatterload_null                       0x08000103   Thumb Code     0  __scatter.o(!!!scatter)
    __scatterload_copy                       0x08000129   Thumb Code    26  __scatter_copy.o(!!handler_copy)
    __scatterload_zeroinit                   0x08000145   Thumb Code    28  __scatter_zi.o(!!handler_zi)
    _printf_percent                          0x08000161   Thumb Code     0  _printf_percent.o(.ARM.Collect$$_printf_percent$$00000000)
    _printf_u                                0x08000161   Thumb Code     0  _printf_u.o(.ARM.Collect$$_printf_percent$$0000000A)
    _printf_s                                0x08000167   Thumb Code     0  _printf_s.o(.ARM.Collect$$_printf_percent$$00000014)
    _printf_percent_end                      0x0800016d   Thumb Code     0  _printf_percent_end.o(.ARM.Collect$$_printf_percent$$00000017)
    __rt_lib_init                            0x08000171   Thumb Code     0  libinit.o(.ARM.Collect$$libinit$$00000000)
    __rt_lib_init_alloca_1                   0x08000173   Thumb Code     0  libinit2.o(.ARM.Collect$$libinit$$0000002E)
    __rt_lib_init_argv_1                     0x08000173   Thumb Code     0  libinit2.o(.ARM.Collect$$libinit$$0000002C)
    __rt_lib_init_atexit_1                   0x08000173   Thumb Code     0  libinit2.o(.ARM.Collect$$libinit$$0000001B)
    __rt_lib_init_clock_1                    0x08000173   Thumb Code     0  libinit2.o(.ARM.Collect$$libinit$$00000021)
    __rt_lib_init_cpp_1                      0x08000173   Thumb Code     0  libinit2.o(.ARM.Collect$$libinit$$00000032)
    __rt_lib_init_exceptions_1               0x08000173   Thumb Code     0  libinit2.o(.ARM.Collect$$libinit$$00000030)
    __rt_lib_init_fp_1                       0x08000173   Thumb Code     0  libinit2.o(.ARM.Collect$$libinit$$00000002)
    __rt_lib_init_fp_trap_1                  0x08000173   Thumb Code     0  libinit2.o(.ARM.Collect$$libinit$$0000001F)
    __rt_lib_init_getenv_1                   0x08000173   Thumb Code     0  libinit2.o(.ARM.Collect$$libinit$$00000023)
    __rt_lib_init_heap_1                     0x08000173   Thumb Code     0  libinit2.o(.ARM.Collect$$libinit$$0000000A)
    __rt_lib_init_lc_collate_1               0x08000173   Thumb Code     0  libinit2.o(.ARM.Collect$$libinit$$00000011)
    __rt_lib_init_lc_ctype_1                 0x08000173   Thumb Code     0  libinit2.o(.ARM.Collect$$libinit$$00000013)
    __rt_lib_init_lc_monetary_1              0x08000173   Thumb Code     0  libinit2.o(.ARM.Collect$$libinit$$00000015)
    __rt_lib_init_lc_numeric_1               0x08000173   Thumb Code     0  libinit2.o(.ARM.Collect$$libinit$$00000017)
    __rt_lib_init_lc_time_1                  0x08000173   Thumb Code     0  libinit2.o(.ARM.Collect$$libinit$$00000019)
    __rt_lib_init_preinit_1                  0x08000173   Thumb Code     0  libinit2.o(.ARM.Collect$$libinit$$00000004)
    __rt_lib_init_rand_1                     0x08000173   Thumb Code     0  libinit2.o(.ARM.Collect$$libinit$$0000000E)
    __rt_lib_init_return                     0x08000173   Thumb Code     0  libinit2.o(.ARM.Collect$$libinit$$00000033)
    __rt_lib_init_signal_1                   0x08000173   Thumb Code     0  libinit2.o(.ARM.Collect$$libinit$$0000001D)
    __rt_lib_init_stdio_1                    0x08000173   Thumb Code     0  libinit2.o(.ARM.Collect$$libinit$$00000025)
    __rt_lib_init_user_alloc_1               0x08000173   Thumb Code     0  libinit2.o(.ARM.Collect$$libinit$$0000000C)
    __rt_lib_shutdown                        0x08000175   Thumb Code     0  libshutdown.o(.ARM.Collect$$libshutdown$$00000000)
    __rt_lib_shutdown_cpp_1                  0x08000177   Thumb Code     0  libshutdown2.o(.ARM.Collect$$libshutdown$$00000002)
    __rt_lib_shutdown_fp_trap_1              0x08000177   Thumb Code     0  libshutdown2.o(.ARM.Collect$$libshutdown$$00000007)
    __rt_lib_shutdown_heap_1                 0x08000177   Thumb Code     0  libshutdown2.o(.ARM.Collect$$libshutdown$$0000000F)
    __rt_lib_shutdown_return                 0x08000177   Thumb Code     0  libshutdown2.o(.ARM.Collect$$libshutdown$$00000010)
    __rt_lib_shutdown_signal_1               0x08000177   Thumb Code     0  libshutdown2.o(.ARM.Collect$$libshutdown$$0000000A)
    __rt_lib_shutdown_stdio_1                0x08000177   Thumb Code     0  libshutdown2.o(.ARM.Collect$$libshutdown$$00000004)
    __rt_lib_shutdown_user_alloc_1           0x08000177   Thumb Code     0  libshutdown2.o(.ARM.Collect$$libshutdown$$0000000C)
    __rt_entry                               0x08000179   Thumb Code     0  __rtentry.o(.ARM.Collect$$rtentry$$00000000)
    __rt_entry_presh_1                       0x08000179   Thumb Code     0  __rtentry2.o(.ARM.Collect$$rtentry$$00000002)
    __rt_entry_sh                            0x08000179   Thumb Code     0  __rtentry4.o(.ARM.Collect$$rtentry$$00000004)
    __rt_entry_li                            0x0800017f   Thumb Code     0  __rtentry2.o(.ARM.Collect$$rtentry$$0000000A)
    __rt_entry_postsh_1                      0x0800017f   Thumb Code     0  __rtentry2.o(.ARM.Collect$$rtentry$$00000009)
    __rt_entry_main                          0x08000183   Thumb Code     0  __rtentry2.o(.ARM.Collect$$rtentry$$0000000D)
    __rt_entry_postli_1                      0x08000183   Thumb Code     0  __rtentry2.o(.ARM.Collect$$rtentry$$0000000C)
    __rt_exit                                0x0800018b   Thumb Code     0  rtexit.o(.ARM.Collect$$rtexit$$00000000)
    __rt_exit_ls                             0x0800018d   Thumb Code     0  rtexit2.o(.ARM.Collect$$rtexit$$00000003)
    __rt_exit_prels_1                        0x0800018d   Thumb Code     0  rtexit2.o(.ARM.Collect$$rtexit$$00000002)
    __rt_exit_exit                           0x08000191   Thumb Code     0  rtexit2.o(.ARM.Collect$$rtexit$$00000004)
    Reset_Handler                            0x08000199   Thumb Code     8  startup_stm32f103xb.o(.text)
    ADC1_2_IRQHandler                        0x080001b3   Thumb Code     0  startup_stm32f103xb.o(.text)
    CAN1_RX1_IRQHandler                      0x080001b3   Thumb Code     0  startup_stm32f103xb.o(.text)
    CAN1_SCE_IRQHandler                      0x080001b3   Thumb Code     0  startup_stm32f103xb.o(.text)
    DMA1_Channel1_IRQHandler                 0x080001b3   Thumb Code     0  startup_stm32f103xb.o(.text)
    DMA1_Channel2_IRQHandler                 0x080001b3   Thumb Code     0  startup_stm32f103xb.o(.text)
    DMA1_Channel3_IRQHandler                 0x080001b3   Thumb Code     0  startup_stm32f103xb.o(.text)
    DMA1_Channel4_IRQHandler                 0x080001b3   Thumb Code     0  startup_stm32f103xb.o(.text)
    DMA1_Channel5_IRQHandler                 0x080001b3   Thumb Code     0  startup_stm32f103xb.o(.text)
    DMA1_Channel6_IRQHandler                 0x080001b3   Thumb Code     0  startup_stm32f103xb.o(.text)
    DMA1_Channel7_IRQHandler                 0x080001b3   Thumb Code     0  startup_stm32f103xb.o(.text)
    EXTI0_IRQHandler                         0x080001b3   Thumb Code     0  startup_stm32f103xb.o(.text)
    EXTI15_10_IRQHandler                     0x080001b3   Thumb Code     0  startup_stm32f103xb.o(.text)
    EXTI1_IRQHandler                         0x080001b3   Thumb Code     0  startup_stm32f103xb.o(.text)
    EXTI2_IRQHandler                         0x080001b3   Thumb Code     0  startup_stm32f103xb.o(.text)
    EXTI3_IRQHandler                         0x080001b3   Thumb Code     0  startup_stm32f103xb.o(.text)
    EXTI4_IRQHandler                         0x080001b3   Thumb Code     0  startup_stm32f103xb.o(.text)
    EXTI9_5_IRQHandler                       0x080001b3   Thumb Code     0  startup_stm32f103xb.o(.text)
    FLASH_IRQHandler                         0x080001b3   Thumb Code     0  startup_stm32f103xb.o(.text)
    I2C1_ER_IRQHandler                       0x080001b3   Thumb Code     0  startup_stm32f103xb.o(.text)
    I2C1_EV_IRQHandler                       0x080001b3   Thumb Code     0  startup_stm32f103xb.o(.text)
    I2C2_ER_IRQHandler                       0x080001b3   Thumb Code     0  startup_stm32f103xb.o(.text)
    I2C2_EV_IRQHandler                       0x080001b3   Thumb Code     0  startup_stm32f103xb.o(.text)
    PVD_IRQHandler                           0x080001b3   Thumb Code     0  startup_stm32f103xb.o(.text)
    RCC_IRQHandler                           0x080001b3   Thumb Code     0  startup_stm32f103xb.o(.text)
    RTC_Alarm_IRQHandler                     0x080001b3   Thumb Code     0  startup_stm32f103xb.o(.text)
    RTC_IRQHandler                           0x080001b3   Thumb Code     0  startup_stm32f103xb.o(.text)
    SPI1_IRQHandler                          0x080001b3   Thumb Code     0  startup_stm32f103xb.o(.text)
    SPI2_IRQHandler                          0x080001b3   Thumb Code     0  startup_stm32f103xb.o(.text)
    TAMPER_IRQHandler                        0x080001b3   Thumb Code     0  startup_stm32f103xb.o(.text)
    TIM1_BRK_IRQHandler                      0x080001b3   Thumb Code     0  startup_stm32f103xb.o(.text)
    TIM1_CC_IRQHandler                       0x080001b3   Thumb Code     0  startup_stm32f103xb.o(.text)
    TIM1_TRG_COM_IRQHandler                  0x080001b3   Thumb Code     0  startup_stm32f103xb.o(.text)
    TIM1_UP_IRQHandler                       0x080001b3   Thumb Code     0  startup_stm32f103xb.o(.text)
    TIM2_IRQHandler                          0x080001b3   Thumb Code     0  startup_stm32f103xb.o(.text)
    TIM3_IRQHandler                          0x080001b3   Thumb Code     0  startup_stm32f103xb.o(.text)
    TIM4_IRQHandler                          0x080001b3   Thumb Code     0  startup_stm32f103xb.o(.text)
    USART2_IRQHandler                        0x080001b3   Thumb Code     0  startup_stm32f103xb.o(.text)
    USART3_IRQHandler                        0x080001b3   Thumb Code     0  startup_stm32f103xb.o(.text)
    USBWakeUp_IRQHandler                     0x080001b3   Thumb Code     0  startup_stm32f103xb.o(.text)
    USB_HP_CAN1_TX_IRQHandler                0x080001b3   Thumb Code     0  startup_stm32f103xb.o(.text)
    USB_LP_CAN1_RX0_IRQHandler               0x080001b3   Thumb Code     0  startup_stm32f103xb.o(.text)
    WWDG_IRQHandler                          0x080001b3   Thumb Code     0  startup_stm32f103xb.o(.text)
    __user_initial_stackheap                 0x080001b5   Thumb Code     0  startup_stm32f103xb.o(.text)
    __2snprintf                              0x080001d9   Thumb Code    48  noretval__2snprintf.o(.text)
    _printf_pre_padding                      0x0800020d   Thumb Code    44  _printf_pad.o(.text)
    _printf_post_padding                     0x08000239   Thumb Code    34  _printf_pad.o(.text)
    _printf_str                              0x0800025b   Thumb Code    82  _printf_str.o(.text)
    _printf_int_dec                          0x080002ad   Thumb Code   104  _printf_dec.o(.text)
    __printf                                 0x08000325   Thumb Code   270  __printf_wp.o(.text)
    __aeabi_memcpy                           0x08000433   Thumb Code     0  rt_memcpy_v6.o(.text)
    __rt_memcpy                              0x08000433   Thumb Code   138  rt_memcpy_v6.o(.text)
    _memcpy_lastbytes                        0x08000499   Thumb Code     0  rt_memcpy_v6.o(.text)
    __aeabi_memset                           0x080004bd   Thumb Code    16  aeabi_memset.o(.text)
    __aeabi_memclr4                          0x080004cd   Thumb Code     0  rt_memclr_w.o(.text)
    __aeabi_memclr8                          0x080004cd   Thumb Code     0  rt_memclr_w.o(.text)
    __rt_memclr_w                            0x080004cd   Thumb Code    78  rt_memclr_w.o(.text)
    _memset_w                                0x080004d1   Thumb Code     0  rt_memclr_w.o(.text)
    __use_two_region_memory                  0x0800051b   Thumb Code     2  heapauxi.o(.text)
    __rt_heap_escrow$2region                 0x0800051d   Thumb Code     2  heapauxi.o(.text)
    __rt_heap_expand$2region                 0x0800051f   Thumb Code     2  heapauxi.o(.text)
    _printf_int_common                       0x08000521   Thumb Code   178  _printf_intcommon.o(.text)
    _printf_char_common                      0x080005df   Thumb Code    32  _printf_char_common.o(.text)
    _sputc                                   0x08000605   Thumb Code    10  _sputc.o(.text)
    _snputc                                  0x0800060f   Thumb Code    16  _snputc.o(.text)
    _printf_cs_common                        0x0800061f   Thumb Code    20  _printf_char.o(.text)
    _printf_char                             0x08000633   Thumb Code    16  _printf_char.o(.text)
    _printf_string                           0x08000643   Thumb Code     8  _printf_char.o(.text)
    __aeabi_memcpy4                          0x0800064b   Thumb Code     0  rt_memcpy_w.o(.text)
    __aeabi_memcpy8                          0x0800064b   Thumb Code     0  rt_memcpy_w.o(.text)
    __rt_memcpy_w                            0x0800064b   Thumb Code   100  rt_memcpy_w.o(.text)
    _memcpy_lastbytes_aligned                0x08000693   Thumb Code     0  rt_memcpy_w.o(.text)
    __aeabi_memclr                           0x080006af   Thumb Code     0  rt_memclr.o(.text)
    __rt_memclr                              0x080006af   Thumb Code    68  rt_memclr.o(.text)
    _memset                                  0x080006b3   Thumb Code     0  rt_memclr.o(.text)
    __user_setup_stackheap                   0x080006f3   Thumb Code    74  sys_stackheap_outer.o(.text)
    exit                                     0x0800073d   Thumb Code    18  exit.o(.text)
    __user_libspace                          0x08000751   Thumb Code     8  libspace.o(.text)
    __user_perproc_libspace                  0x08000751   Thumb Code     0  libspace.o(.text)
    __user_perthread_libspace                0x08000751   Thumb Code     0  libspace.o(.text)
    _sys_exit                                0x08000759   Thumb Code     8  sys_exit.o(.text)
    __I$use$semihosting                      0x08000765   Thumb Code     0  use_no_semi.o(.text)
    __use_no_semihosting_swi                 0x08000765   Thumb Code     2  use_no_semi.o(.text)
    __semihosting_library_function           0x08000767   Thumb Code     0  indicate_semi.o(.text)
    ADC_ConversionStop_Disable               0x08000769   Thumb Code    86  stm32f1xx_hal_adc.o(i.ADC_ConversionStop_Disable)
    ADC_Enable                               0x080007c1   Thumb Code   114  stm32f1xx_hal_adc.o(i.ADC_Enable)
    BusFault_Handler                         0x0800083d   Thumb Code     2  stm32f1xx_it.o(i.BusFault_Handler)
    DHT11_Init                               0x080008f5   Thumb Code     8  dht11.o(i.DHT11_Init)
    DebugMon_Handler                         0x080008fd   Thumb Code     2  stm32f1xx_it.o(i.DebugMon_Handler)
    HAL_ADC_ConfigChannel                    0x08000901   Thumb Code   240  stm32f1xx_hal_adc.o(i.HAL_ADC_ConfigChannel)
    HAL_ADC_GetValue                         0x080009fd   Thumb Code     6  stm32f1xx_hal_adc.o(i.HAL_ADC_GetValue)
    HAL_ADC_Init                             0x08000a05   Thumb Code   272  stm32f1xx_hal_adc.o(i.HAL_ADC_Init)
    HAL_ADC_MspInit                          0x08000b21   Thumb Code   118  stm32f1xx_hal_msp.o(i.HAL_ADC_MspInit)
    HAL_ADC_PollForConversion                0x08000ba9   Thumb Code   304  stm32f1xx_hal_adc.o(i.HAL_ADC_PollForConversion)
    HAL_ADC_Start                            0x08000ce5   Thumb Code   184  stm32f1xx_hal_adc.o(i.HAL_ADC_Start)
    HAL_ADC_Stop                             0x08000da5   Thumb Code    52  stm32f1xx_hal_adc.o(i.HAL_ADC_Stop)
    HAL_DMA_Abort                            0x08000dd9   Thumb Code    70  stm32f1xx_hal_dma.o(i.HAL_DMA_Abort)
    HAL_DMA_Abort_IT                         0x08000e21   Thumb Code   148  stm32f1xx_hal_dma.o(i.HAL_DMA_Abort_IT)
    HAL_Delay                                0x08000eb9   Thumb Code    32  stm32f1xx_hal.o(i.HAL_Delay)
    HAL_GPIO_Init                            0x08000edd   Thumb Code   446  stm32f1xx_hal_gpio.o(i.HAL_GPIO_Init)
    HAL_GPIO_ReadPin                         0x080010bd   Thumb Code    10  stm32f1xx_hal_gpio.o(i.HAL_GPIO_ReadPin)
    HAL_GPIO_WritePin                        0x080010c7   Thumb Code    10  stm32f1xx_hal_gpio.o(i.HAL_GPIO_WritePin)
    HAL_GetTick                              0x080010d1   Thumb Code     6  stm32f1xx_hal.o(i.HAL_GetTick)
    HAL_I2C_Init                             0x080010dd   Thumb Code   376  stm32f1xx_hal_i2c.o(i.HAL_I2C_Init)
    HAL_I2C_Master_Transmit                  0x08001265   Thumb Code   290  stm32f1xx_hal_i2c.o(i.HAL_I2C_Master_Transmit)
    HAL_I2C_MspInit                          0x08001391   Thumb Code    80  stm32f1xx_hal_msp.o(i.HAL_I2C_MspInit)
    HAL_IncTick                              0x080013ed   Thumb Code    12  stm32f1xx_hal.o(i.HAL_IncTick)
    HAL_Init                                 0x080013fd   Thumb Code    32  stm32f1xx_hal.o(i.HAL_Init)
    HAL_InitTick                             0x08001421   Thumb Code    54  stm32f1xx_hal.o(i.HAL_InitTick)
    HAL_MspInit                              0x08001461   Thumb Code    52  stm32f1xx_hal_msp.o(i.HAL_MspInit)
    HAL_NVIC_EnableIRQ                       0x0800149d   Thumb Code    26  stm32f1xx_hal_cortex.o(i.HAL_NVIC_EnableIRQ)
    HAL_NVIC_SetPriority                     0x080014b9   Thumb Code    60  stm32f1xx_hal_cortex.o(i.HAL_NVIC_SetPriority)
    HAL_NVIC_SetPriorityGrouping             0x080014f9   Thumb Code    26  stm32f1xx_hal_cortex.o(i.HAL_NVIC_SetPriorityGrouping)
    HAL_RCCEx_GetPeriphCLKFreq               0x0800151d   Thumb Code   148  stm32f1xx_hal_rcc_ex.o(i.HAL_RCCEx_GetPeriphCLKFreq)
    HAL_RCCEx_PeriphCLKConfig                0x080015c1   Thumb Code   224  stm32f1xx_hal_rcc_ex.o(i.HAL_RCCEx_PeriphCLKConfig)
    HAL_RCC_ClockConfig                      0x080016ad   Thumb Code   280  stm32f1xx_hal_rcc.o(i.HAL_RCC_ClockConfig)
    HAL_RCC_GetPCLK1Freq                     0x080017d9   Thumb Code    20  stm32f1xx_hal_rcc.o(i.HAL_RCC_GetPCLK1Freq)
    HAL_RCC_GetPCLK2Freq                     0x080017f9   Thumb Code    20  stm32f1xx_hal_rcc.o(i.HAL_RCC_GetPCLK2Freq)
    HAL_RCC_GetSysClockFreq                  0x08001819   Thumb Code    58  stm32f1xx_hal_rcc.o(i.HAL_RCC_GetSysClockFreq)
    HAL_RCC_OscConfig                        0x08001865   Thumb Code   778  stm32f1xx_hal_rcc.o(i.HAL_RCC_OscConfig)
    HAL_SYSTICK_Config                       0x08001b85   Thumb Code    40  stm32f1xx_hal_cortex.o(i.HAL_SYSTICK_Config)
    HAL_TIMEx_MasterConfigSynchronization    0x08001bad   Thumb Code    92  stm32f1xx_hal_tim_ex.o(i.HAL_TIMEx_MasterConfigSynchronization)
    HAL_TIM_Base_Init                        0x08001c15   Thumb Code    90  stm32f1xx_hal_tim.o(i.HAL_TIM_Base_Init)
    HAL_TIM_Base_MspInit                     0x08001c71   Thumb Code    30  stm32f1xx_hal_msp.o(i.HAL_TIM_Base_MspInit)
    HAL_TIM_Base_Start                       0x08001c99   Thumb Code    66  stm32f1xx_hal_tim.o(i.HAL_TIM_Base_Start)
    HAL_TIM_Base_Stop                        0x08001ce9   Thumb Code    38  stm32f1xx_hal_tim.o(i.HAL_TIM_Base_Stop)
    HAL_TIM_ConfigClockSource                0x08001d0f   Thumb Code   220  stm32f1xx_hal_tim.o(i.HAL_TIM_ConfigClockSource)
    HAL_UARTEx_RxEventCallback               0x08001deb   Thumb Code     2  stm32f1xx_hal_uart.o(i.HAL_UARTEx_RxEventCallback)
    HAL_UART_ErrorCallback                   0x08001ded   Thumb Code     2  stm32f1xx_hal_uart.o(i.HAL_UART_ErrorCallback)
    HAL_UART_IRQHandler                      0x08001df1   Thumb Code   616  stm32f1xx_hal_uart.o(i.HAL_UART_IRQHandler)
    HAL_UART_Init                            0x0800205d   Thumb Code   100  stm32f1xx_hal_uart.o(i.HAL_UART_Init)
    HAL_UART_MspInit                         0x080020c1   Thumb Code   116  stm32f1xx_hal_msp.o(i.HAL_UART_MspInit)
    HAL_UART_Receive_IT                      0x08002141   Thumb Code    28  stm32f1xx_hal_uart.o(i.HAL_UART_Receive_IT)
    HAL_UART_RxCpltCallback                  0x0800215d   Thumb Code   150  main.o(i.HAL_UART_RxCpltCallback)
    HAL_UART_Transmit                        0x08002205   Thumb Code   160  stm32f1xx_hal_uart.o(i.HAL_UART_Transmit)
    HAL_UART_TxCpltCallback                  0x080022a5   Thumb Code     2  stm32f1xx_hal_uart.o(i.HAL_UART_TxCpltCallback)
    HardFault_Handler                        0x080022a7   Thumb Code     2  stm32f1xx_it.o(i.HardFault_Handler)
    LDR_Read_ADC                             0x080025f1   Thumb Code    46  ldr.o(i.LDR_Read_ADC)
    LDR_Read_ADC_Average                     0x0800261f   Thumb Code    48  ldr.o(i.LDR_Read_ADC_Average)
    MQ2_Read_ADC                             0x0800264f   Thumb Code    46  mq2.o(i.MQ2_Read_ADC)
    MQ2_Read_ADC_Average                     0x0800267d   Thumb Code    48  mq2.o(i.MQ2_Read_ADC_Average)
    MemManage_Handler                        0x08002899   Thumb Code     2  stm32f1xx_it.o(i.MemManage_Handler)
    NMI_Handler                              0x0800289b   Thumb Code     2  stm32f1xx_it.o(i.NMI_Handler)
    PendSV_Handler                           0x0800289d   Thumb Code     2  stm32f1xx_it.o(i.PendSV_Handler)
    Relay_Init                               0x0800291d   Thumb Code     6  relay.o(i.Relay_Init)
    Relay_SetState                           0x08002923   Thumb Code     4  relay.o(i.Relay_SetState)
    SVC_Handler                              0x080029c1   Thumb Code     2  stm32f1xx_it.o(i.SVC_Handler)
    SysTick_Handler                          0x08002aed   Thumb Code     4  stm32f1xx_it.o(i.SysTick_Handler)
    SystemClock_Config                       0x08002af1   Thumb Code   120  main.o(i.SystemClock_Config)
    SystemInit                               0x08002b69   Thumb Code     2  system_stm32f1xx.o(i.SystemInit)
    TIM_Base_SetConfig                       0x08002b6d   Thumb Code   108  stm32f1xx_hal_tim.o(i.TIM_Base_SetConfig)
    TIM_ETR_SetConfig                        0x08002be5   Thumb Code    20  stm32f1xx_hal_tim.o(i.TIM_ETR_SetConfig)
    UART_Start_Receive_IT                    0x08002e29   Thumb Code    54  stm32f1xx_hal_uart.o(i.UART_Start_Receive_IT)
    USART1_IRQHandler                        0x08002ed1   Thumb Code     6  stm32f1xx_it.o(i.USART1_IRQHandler)
    UsageFault_Handler                       0x08003015   Thumb Code     2  stm32f1xx_it.o(i.UsageFault_Handler)
    _is_digit                                0x08003037   Thumb Code    14  __printf_wp.o(i._is_digit)
    btn_press_short_callback                 0x08003045   Thumb Code    50  main.o(i.btn_press_short_callback)
    btn_press_timeout_callback               0x08003081   Thumb Code    14  main.o(i.btn_press_timeout_callback)
    btn_pressing_callback                    0x08003099   Thumb Code     2  button.o(i.btn_pressing_callback)
    btn_release_callback                     0x0800309b   Thumb Code     2  button.o(i.btn_release_callback)
    button_handle                            0x0800309d   Thumb Code   144  button.o(i.button_handle)
    button_init                              0x0800312d   Thumb Code     6  button.o(i.button_init)
    lcd_clear                                0x08003133   Thumb Code    18  lcd_i2c.o(i.lcd_clear)
    lcd_gotoxy                               0x08003145   Thumb Code    20  lcd_i2c.o(i.lcd_gotoxy)
    lcd_init                                 0x08003159   Thumb Code   134  lcd_i2c.o(i.lcd_init)
    lcd_puts                                 0x080031df   Thumb Code    24  lcd_i2c.o(i.lcd_puts)
    lcd_send_cmd                             0x080031f7   Thumb Code    58  lcd_i2c.o(i.lcd_send_cmd)
    lcd_send_data                            0x08003231   Thumb Code    58  lcd_i2c.o(i.lcd_send_data)
    main                                     0x0800326d   Thumb Code   324  main.o(i.main)
    readDHT11                                0x080033f1   Thumb Code   434  dht11.o(i.readDHT11)
    set_dht11_gpio_mode                      0x080035a3   Thumb Code    48  dht11.o(i.set_dht11_gpio_mode)
    __aeabi_ui2f                             0x080035d5   Thumb Code     0  fflt_clz.o(x$fpl$ffltu)
    _ffltu                                   0x080035d5   Thumb Code    38  fflt_clz.o(x$fpl$ffltu)
    __I$use$fp                               0x080035fa   Number         0  usenofp.o(x$fpl$usenofp)
    AHBPrescTable                            0x0800361e   Data          16  system_stm32f1xx.o(.constdata)
    APBPrescTable                            0x0800362e   Data           8  system_stm32f1xx.o(.constdata)
    Region$$Table$$Base                      0x08003638   Number         0  anon$$obj.o(Region$$Table)
    Region$$Table$$Limit                     0x08003658   Number         0  anon$$obj.o(Region$$Table)
    event_toggle_mode                        0x20000000   Data           1  main.o(.data)
    event_toggle_relay1                      0x20000001   Data           1  main.o(.data)
    event_toggle_relay2                      0x20000002   Data           1  main.o(.data)
    event_toggle_lcd_page                    0x20000003   Data           1  main.o(.data)
    event_send_now                           0x20000004   Data           1  main.o(.data)
    lora_rx_idx                              0x20000005   Data           1  main.o(.data)
    lora_rx_byte                             0x20000006   Data           1  main.o(.data)
    relay1                                   0x20000008   Data           8  main.o(.data)
    relay2                                   0x20000010   Data           8  main.o(.data)
    lcd1                                     0x20000018   Data           8  main.o(.data)
    uwTickFreq                               0x20000020   Data           1  stm32f1xx_hal.o(.data)
    uwTickPrio                               0x20000024   Data           4  stm32f1xx_hal.o(.data)
    uwTick                                   0x20000028   Data           4  stm32f1xx_hal.o(.data)
    SystemCoreClock                          0x2000002c   Data           4  system_stm32f1xx.o(.data)
    hadc1                                    0x20000030   Data          48  main.o(.bss)
    hadc2                                    0x20000060   Data          48  main.o(.bss)
    hi2c1                                    0x20000090   Data          84  main.o(.bss)
    htim1                                    0x200000e4   Data          72  main.o(.bss)
    huart1                                   0x2000012c   Data          72  main.o(.bss)
    dht11_nodes                              0x20000174   Data          32  main.o(.bss)
    button_mode                              0x20000194   Data          24  main.o(.bss)
    button_relay1                            0x200001ac   Data          24  main.o(.bss)
    button_relay2                            0x200001c4   Data          24  main.o(.bss)
    button_view                              0x200001dc   Data          24  main.o(.bss)
    system_ctx                               0x200001f4   Data          48  main.o(.bss)
    lcd_line1                                0x20000224   Data          17  main.o(.bss)
    lcd_line2                                0x20000235   Data          17  main.o(.bss)
    lora_rx_buffer                           0x20000246   Data          18  main.o(.bss)
    __libspace_start                         0x20000258   Data          96  libspace.o(.bss)
    __temporary_stack_top$libspace           0x200002b8   Data           0  libspace.o(.bss)



==============================================================================

Memory Map of the image

  Image Entry point : 0x080000ed

  Load Region LR_IROM1 (Base: 0x08000000, Size: 0x00003688, Max: 0x00010000, ABSOLUTE)

    Execution Region ER_IROM1 (Exec base: 0x08000000, Load base: 0x08000000, Size: 0x00003658, Max: 0x00010000, ABSOLUTE)

    Exec Addr    Load Addr    Size         Type   Attr      Idx    E Section Name        Object

    0x08000000   0x08000000   0x000000ec   Data   RO            3    RESET               startup_stm32f103xb.o
    0x080000ec   0x080000ec   0x00000008   Code   RO         3823  * !!!main             c_w.l(__main.o)
    0x080000f4   0x080000f4   0x00000034   Code   RO         4004    !!!scatter          c_w.l(__scatter.o)
    0x08000128   0x08000128   0x0000001a   Code   RO         4006    !!handler_copy      c_w.l(__scatter_copy.o)
    0x08000142   0x08000142   0x00000002   PAD
    0x08000144   0x08000144   0x0000001c   Code   RO         4008    !!handler_zi        c_w.l(__scatter_zi.o)
    0x08000160   0x08000160   0x00000000   Code   RO         3814    .ARM.Collect$$_printf_percent$$00000000  c_w.l(_printf_percent.o)
    0x08000160   0x08000160   0x00000006   Code   RO         3813    .ARM.Collect$$_printf_percent$$0000000A  c_w.l(_printf_u.o)
    0x08000166   0x08000166   0x00000006   Code   RO         3812    .ARM.Collect$$_printf_percent$$00000014  c_w.l(_printf_s.o)
    0x0800016c   0x0800016c   0x00000004   Code   RO         3842    .ARM.Collect$$_printf_percent$$00000017  c_w.l(_printf_percent_end.o)
    0x08000170   0x08000170   0x00000002   Code   RO         3874    .ARM.Collect$$libinit$$00000000  c_w.l(libinit.o)
    0x08000172   0x08000172   0x00000000   Code   RO         3881    .ARM.Collect$$libinit$$00000002  c_w.l(libinit2.o)
    0x08000172   0x08000172   0x00000000   Code   RO         3883    .ARM.Collect$$libinit$$00000004  c_w.l(libinit2.o)
    0x08000172   0x08000172   0x00000000   Code   RO         3886    .ARM.Collect$$libinit$$0000000A  c_w.l(libinit2.o)
    0x08000172   0x08000172   0x00000000   Code   RO         3888    .ARM.Collect$$libinit$$0000000C  c_w.l(libinit2.o)
    0x08000172   0x08000172   0x00000000   Code   RO         3890    .ARM.Collect$$libinit$$0000000E  c_w.l(libinit2.o)
    0x08000172   0x08000172   0x00000000   Code   RO         3893    .ARM.Collect$$libinit$$00000011  c_w.l(libinit2.o)
    0x08000172   0x08000172   0x00000000   Code   RO         3895    .ARM.Collect$$libinit$$00000013  c_w.l(libinit2.o)
    0x08000172   0x08000172   0x00000000   Code   RO         3897    .ARM.Collect$$libinit$$00000015  c_w.l(libinit2.o)
    0x08000172   0x08000172   0x00000000   Code   RO         3899    .ARM.Collect$$libinit$$00000017  c_w.l(libinit2.o)
    0x08000172   0x08000172   0x00000000   Code   RO         3901    .ARM.Collect$$libinit$$00000019  c_w.l(libinit2.o)
    0x08000172   0x08000172   0x00000000   Code   RO         3903    .ARM.Collect$$libinit$$0000001B  c_w.l(libinit2.o)
    0x08000172   0x08000172   0x00000000   Code   RO         3905    .ARM.Collect$$libinit$$0000001D  c_w.l(libinit2.o)
    0x08000172   0x08000172   0x00000000   Code   RO         3907    .ARM.Collect$$libinit$$0000001F  c_w.l(libinit2.o)
    0x08000172   0x08000172   0x00000000   Code   RO         3909    .ARM.Collect$$libinit$$00000021  c_w.l(libinit2.o)
    0x08000172   0x08000172   0x00000000   Code   RO         3911    .ARM.Collect$$libinit$$00000023  c_w.l(libinit2.o)
    0x08000172   0x08000172   0x00000000   Code   RO         3913    .ARM.Collect$$libinit$$00000025  c_w.l(libinit2.o)
    0x08000172   0x08000172   0x00000000   Code   RO         3917    .ARM.Collect$$libinit$$0000002C  c_w.l(libinit2.o)
    0x08000172   0x08000172   0x00000000   Code   RO         3919    .ARM.Collect$$libinit$$0000002E  c_w.l(libinit2.o)
    0x08000172   0x08000172   0x00000000   Code   RO         3921    .ARM.Collect$$libinit$$00000030  c_w.l(libinit2.o)
    0x08000172   0x08000172   0x00000000   Code   RO         3923    .ARM.Collect$$libinit$$00000032  c_w.l(libinit2.o)
    0x08000172   0x08000172   0x00000002   Code   RO         3924    .ARM.Collect$$libinit$$00000033  c_w.l(libinit2.o)
    0x08000174   0x08000174   0x00000002   Code   RO         3944    .ARM.Collect$$libshutdown$$00000000  c_w.l(libshutdown.o)
    0x08000176   0x08000176   0x00000000   Code   RO         3957    .ARM.Collect$$libshutdown$$00000002  c_w.l(libshutdown2.o)
    0x08000176   0x08000176   0x00000000   Code   RO         3959    .ARM.Collect$$libshutdown$$00000004  c_w.l(libshutdown2.o)
    0x08000176   0x08000176   0x00000000   Code   RO         3962    .ARM.Collect$$libshutdown$$00000007  c_w.l(libshutdown2.o)
    0x08000176   0x08000176   0x00000000   Code   RO         3965    .ARM.Collect$$libshutdown$$0000000A  c_w.l(libshutdown2.o)
    0x08000176   0x08000176   0x00000000   Code   RO         3967    .ARM.Collect$$libshutdown$$0000000C  c_w.l(libshutdown2.o)
    0x08000176   0x08000176   0x00000000   Code   RO         3970    .ARM.Collect$$libshutdown$$0000000F  c_w.l(libshutdown2.o)
    0x08000176   0x08000176   0x00000002   Code   RO         3971    .ARM.Collect$$libshutdown$$00000010  c_w.l(libshutdown2.o)
    0x08000178   0x08000178   0x00000000   Code   RO         3831    .ARM.Collect$$rtentry$$00000000  c_w.l(__rtentry.o)
    0x08000178   0x08000178   0x00000000   Code   RO         3849    .ARM.Collect$$rtentry$$00000002  c_w.l(__rtentry2.o)
    0x08000178   0x08000178   0x00000006   Code   RO         3861    .ARM.Collect$$rtentry$$00000004  c_w.l(__rtentry4.o)
    0x0800017e   0x0800017e   0x00000000   Code   RO         3851    .ARM.Collect$$rtentry$$00000009  c_w.l(__rtentry2.o)
    0x0800017e   0x0800017e   0x00000004   Code   RO         3852    .ARM.Collect$$rtentry$$0000000A  c_w.l(__rtentry2.o)
    0x08000182   0x08000182   0x00000000   Code   RO         3854    .ARM.Collect$$rtentry$$0000000C  c_w.l(__rtentry2.o)
    0x08000182   0x08000182   0x00000008   Code   RO         3855    .ARM.Collect$$rtentry$$0000000D  c_w.l(__rtentry2.o)
    0x0800018a   0x0800018a   0x00000002   Code   RO         3878    .ARM.Collect$$rtexit$$00000000  c_w.l(rtexit.o)
    0x0800018c   0x0800018c   0x00000000   Code   RO         3926    .ARM.Collect$$rtexit$$00000002  c_w.l(rtexit2.o)
    0x0800018c   0x0800018c   0x00000004   Code   RO         3927    .ARM.Collect$$rtexit$$00000003  c_w.l(rtexit2.o)
    0x08000190   0x08000190   0x00000006   Code   RO         3928    .ARM.Collect$$rtexit$$00000004  c_w.l(rtexit2.o)
    0x08000196   0x08000196   0x00000002   PAD
    0x08000198   0x08000198   0x00000040   Code   RO            4    .text               startup_stm32f103xb.o
    0x080001d8   0x080001d8   0x00000034   Code   RO         3782    .text               c_w.l(noretval__2snprintf.o)
    0x0800020c   0x0800020c   0x0000004e   Code   RO         3786    .text               c_w.l(_printf_pad.o)
    0x0800025a   0x0800025a   0x00000052   Code   RO         3788    .text               c_w.l(_printf_str.o)
    0x080002ac   0x080002ac   0x00000078   Code   RO         3790    .text               c_w.l(_printf_dec.o)
    0x08000324   0x08000324   0x0000010e   Code   RO         3800    .text               c_w.l(__printf_wp.o)
    0x08000432   0x08000432   0x0000008a   Code   RO         3815    .text               c_w.l(rt_memcpy_v6.o)
    0x080004bc   0x080004bc   0x00000010   Code   RO         3817    .text               c_w.l(aeabi_memset.o)
    0x080004cc   0x080004cc   0x0000004e   Code   RO         3819    .text               c_w.l(rt_memclr_w.o)
    0x0800051a   0x0800051a   0x00000006   Code   RO         3821    .text               c_w.l(heapauxi.o)
    0x08000520   0x08000520   0x000000b2   Code   RO         3832    .text               c_w.l(_printf_intcommon.o)
    0x080005d2   0x080005d2   0x00000002   PAD
    0x080005d4   0x080005d4   0x00000030   Code   RO         3834    .text               c_w.l(_printf_char_common.o)
    0x08000604   0x08000604   0x0000000a   Code   RO         3836    .text               c_w.l(_sputc.o)
    0x0800060e   0x0800060e   0x00000010   Code   RO         3838    .text               c_w.l(_snputc.o)
    0x0800061e   0x0800061e   0x0000002c   Code   RO         3840    .text               c_w.l(_printf_char.o)
    0x0800064a   0x0800064a   0x00000064   Code   RO         3843    .text               c_w.l(rt_memcpy_w.o)
    0x080006ae   0x080006ae   0x00000044   Code   RO         3845    .text               c_w.l(rt_memclr.o)
    0x080006f2   0x080006f2   0x0000004a   Code   RO         3865    .text               c_w.l(sys_stackheap_outer.o)
    0x0800073c   0x0800073c   0x00000012   Code   RO         3867    .text               c_w.l(exit.o)
    0x0800074e   0x0800074e   0x00000002   PAD
    0x08000750   0x08000750   0x00000008   Code   RO         3875    .text               c_w.l(libspace.o)
    0x08000758   0x08000758   0x0000000c   Code   RO         3936    .text               c_w.l(sys_exit.o)
    0x08000764   0x08000764   0x00000002   Code   RO         3947    .text               c_w.l(use_no_semi.o)
    0x08000766   0x08000766   0x00000000   Code   RO         3949    .text               c_w.l(indicate_semi.o)
    0x08000766   0x08000766   0x00000002   PAD
    0x08000768   0x08000768   0x00000056   Code   RO          458    i.ADC_ConversionStop_Disable  stm32f1xx_hal_adc.o
    0x080007be   0x080007be   0x00000002   PAD
    0x080007c0   0x080007c0   0x0000007c   Code   RO          462    i.ADC_Enable        stm32f1xx_hal_adc.o
    0x0800083c   0x0800083c   0x00000002   Code   RO          268    i.BusFault_Handler  stm32f1xx_it.o
    0x0800083e   0x0800083e   0x00000002   PAD
    0x08000840   0x08000840   0x00000014   Code   RO           13    i.Buzzer_Set        main.o
    0x08000854   0x08000854   0x00000018   Code   RO           14    i.CalculateXorChecksum  main.o
    0x0800086c   0x0800086c   0x00000088   Code   RO           15    i.ControlOutputs    main.o
    0x080008f4   0x080008f4   0x00000008   Code   RO         3582    i.DHT11_Init        dht11.o
    0x080008fc   0x080008fc   0x00000002   Code   RO          269    i.DebugMon_Handler  stm32f1xx_it.o
    0x080008fe   0x080008fe   0x00000002   PAD
    0x08000900   0x08000900   0x000000fc   Code   RO          464    i.HAL_ADC_ConfigChannel  stm32f1xx_hal_adc.o
    0x080009fc   0x080009fc   0x00000006   Code   RO          471    i.HAL_ADC_GetValue  stm32f1xx_hal_adc.o
    0x08000a02   0x08000a02   0x00000002   PAD
    0x08000a04   0x08000a04   0x0000011c   Code   RO          473    i.HAL_ADC_Init      stm32f1xx_hal_adc.o
    0x08000b20   0x08000b20   0x00000088   Code   RO          351    i.HAL_ADC_MspInit   stm32f1xx_hal_msp.o
    0x08000ba8   0x08000ba8   0x0000013c   Code   RO          477    i.HAL_ADC_PollForConversion  stm32f1xx_hal_adc.o
    0x08000ce4   0x08000ce4   0x000000c0   Code   RO          479    i.HAL_ADC_Start     stm32f1xx_hal_adc.o
    0x08000da4   0x08000da4   0x00000034   Code   RO          482    i.HAL_ADC_Stop      stm32f1xx_hal_adc.o
    0x08000dd8   0x08000dd8   0x00000046   Code   RO         1115    i.HAL_DMA_Abort     stm32f1xx_hal_dma.o
    0x08000e1e   0x08000e1e   0x00000002   PAD
    0x08000e20   0x08000e20   0x00000098   Code   RO         1116    i.HAL_DMA_Abort_IT  stm32f1xx_hal_dma.o
    0x08000eb8   0x08000eb8   0x00000024   Code   RO          741    i.HAL_Delay         stm32f1xx_hal.o
    0x08000edc   0x08000edc   0x000001e0   Code   RO         1051    i.HAL_GPIO_Init     stm32f1xx_hal_gpio.o
    0x080010bc   0x080010bc   0x0000000a   Code   RO         1053    i.HAL_GPIO_ReadPin  stm32f1xx_hal_gpio.o
    0x080010c6   0x080010c6   0x0000000a   Code   RO         1055    i.HAL_GPIO_WritePin  stm32f1xx_hal_gpio.o
    0x080010d0   0x080010d0   0x0000000c   Code   RO          745    i.HAL_GetTick       stm32f1xx_hal.o
    0x080010dc   0x080010dc   0x00000188   Code   RO         1722    i.HAL_I2C_Init      stm32f1xx_hal_i2c.o
    0x08001264   0x08001264   0x0000012c   Code   RO         1735    i.HAL_I2C_Master_Transmit  stm32f1xx_hal_i2c.o
    0x08001390   0x08001390   0x0000005c   Code   RO          353    i.HAL_I2C_MspInit   stm32f1xx_hal_msp.o
    0x080013ec   0x080013ec   0x00000010   Code   RO          751    i.HAL_IncTick       stm32f1xx_hal.o
    0x080013fc   0x080013fc   0x00000024   Code   RO          752    i.HAL_Init          stm32f1xx_hal.o
    0x08001420   0x08001420   0x00000040   Code   RO          753    i.HAL_InitTick      stm32f1xx_hal.o
    0x08001460   0x08001460   0x0000003c   Code   RO          354    i.HAL_MspInit       stm32f1xx_hal_msp.o
    0x0800149c   0x0800149c   0x0000001a   Code   RO         1211    i.HAL_NVIC_EnableIRQ  stm32f1xx_hal_cortex.o
    0x080014b6   0x080014b6   0x00000002   PAD
    0x080014b8   0x080014b8   0x00000040   Code   RO         1217    i.HAL_NVIC_SetPriority  stm32f1xx_hal_cortex.o
    0x080014f8   0x080014f8   0x00000024   Code   RO         1218    i.HAL_NVIC_SetPriorityGrouping  stm32f1xx_hal_cortex.o
    0x0800151c   0x0800151c   0x000000a4   Code   RO         1012    i.HAL_RCCEx_GetPeriphCLKFreq  stm32f1xx_hal_rcc_ex.o
    0x080015c0   0x080015c0   0x000000ec   Code   RO         1013    i.HAL_RCCEx_PeriphCLKConfig  stm32f1xx_hal_rcc_ex.o
    0x080016ac   0x080016ac   0x0000012c   Code   RO          909    i.HAL_RCC_ClockConfig  stm32f1xx_hal_rcc.o
    0x080017d8   0x080017d8   0x00000020   Code   RO          916    i.HAL_RCC_GetPCLK1Freq  stm32f1xx_hal_rcc.o
    0x080017f8   0x080017f8   0x00000020   Code   RO          917    i.HAL_RCC_GetPCLK2Freq  stm32f1xx_hal_rcc.o
    0x08001818   0x08001818   0x0000004c   Code   RO          918    i.HAL_RCC_GetSysClockFreq  stm32f1xx_hal_rcc.o
    0x08001864   0x08001864   0x00000320   Code   RO          921    i.HAL_RCC_OscConfig  stm32f1xx_hal_rcc.o
    0x08001b84   0x08001b84   0x00000028   Code   RO         1222    i.HAL_SYSTICK_Config  stm32f1xx_hal_cortex.o
    0x08001bac   0x08001bac   0x00000068   Code   RO         2873    i.HAL_TIMEx_MasterConfigSynchronization  stm32f1xx_hal_tim_ex.o
    0x08001c14   0x08001c14   0x0000005a   Code   RO         2150    i.HAL_TIM_Base_Init  stm32f1xx_hal_tim.o
    0x08001c6e   0x08001c6e   0x00000002   PAD
    0x08001c70   0x08001c70   0x00000028   Code   RO          356    i.HAL_TIM_Base_MspInit  stm32f1xx_hal_msp.o
    0x08001c98   0x08001c98   0x00000050   Code   RO         2153    i.HAL_TIM_Base_Start  stm32f1xx_hal_tim.o
    0x08001ce8   0x08001ce8   0x00000026   Code   RO         2156    i.HAL_TIM_Base_Stop  stm32f1xx_hal_tim.o
    0x08001d0e   0x08001d0e   0x000000dc   Code   RO         2159    i.HAL_TIM_ConfigClockSource  stm32f1xx_hal_tim.o
    0x08001dea   0x08001dea   0x00000002   Code   RO         3133    i.HAL_UARTEx_RxEventCallback  stm32f1xx_hal_uart.o
    0x08001dec   0x08001dec   0x00000002   Code   RO         3147    i.HAL_UART_ErrorCallback  stm32f1xx_hal_uart.o
    0x08001dee   0x08001dee   0x00000002   PAD
    0x08001df0   0x08001df0   0x0000026c   Code   RO         3150    i.HAL_UART_IRQHandler  stm32f1xx_hal_uart.o
    0x0800205c   0x0800205c   0x00000064   Code   RO         3151    i.HAL_UART_Init     stm32f1xx_hal_uart.o
    0x080020c0   0x080020c0   0x00000080   Code   RO          358    i.HAL_UART_MspInit  stm32f1xx_hal_msp.o
    0x08002140   0x08002140   0x0000001c   Code   RO         3156    i.HAL_UART_Receive_IT  stm32f1xx_hal_uart.o
    0x0800215c   0x0800215c   0x000000a8   Code   RO           17    i.HAL_UART_RxCpltCallback  main.o
    0x08002204   0x08002204   0x000000a0   Code   RO         3159    i.HAL_UART_Transmit  stm32f1xx_hal_uart.o
    0x080022a4   0x080022a4   0x00000002   Code   RO         3162    i.HAL_UART_TxCpltCallback  stm32f1xx_hal_uart.o
    0x080022a6   0x080022a6   0x00000002   Code   RO          270    i.HardFault_Handler  stm32f1xx_it.o
    0x080022a8   0x080022a8   0x0000002e   Code   RO         1765    i.I2C_IsAcknowledgeFailed  stm32f1xx_hal_i2c.o
    0x080022d6   0x080022d6   0x00000002   PAD
    0x080022d8   0x080022d8   0x0000009c   Code   RO         1769    i.I2C_MasterRequestWrite  stm32f1xx_hal_i2c.o
    0x08002374   0x08002374   0x00000056   Code   RO         1780    i.I2C_WaitOnBTFFlagUntilTimeout  stm32f1xx_hal_i2c.o
    0x080023ca   0x080023ca   0x00000002   PAD
    0x080023cc   0x080023cc   0x00000090   Code   RO         1781    i.I2C_WaitOnFlagUntilTimeout  stm32f1xx_hal_i2c.o
    0x0800245c   0x0800245c   0x000000bc   Code   RO         1782    i.I2C_WaitOnMasterAddressFlagUntilTimeout  stm32f1xx_hal_i2c.o
    0x08002518   0x08002518   0x00000056   Code   RO         1784    i.I2C_WaitOnTXEFlagUntilTimeout  stm32f1xx_hal_i2c.o
    0x0800256e   0x0800256e   0x00000014   Code   RO           18    i.InitButtonRuntime  main.o
    0x08002582   0x08002582   0x0000001c   Code   RO           19    i.IsTimeElapsed     main.o
    0x0800259e   0x0800259e   0x00000002   PAD
    0x080025a0   0x080025a0   0x00000050   Code   RO           20    i.LCD_PrintLine     main.o
    0x080025f0   0x080025f0   0x0000002e   Code   RO         3749    i.LDR_Read_ADC      ldr.o
    0x0800261e   0x0800261e   0x00000030   Code   RO         3750    i.LDR_Read_ADC_Average  ldr.o
    0x0800264e   0x0800264e   0x0000002e   Code   RO         3719    i.MQ2_Read_ADC      mq2.o
    0x0800267c   0x0800267c   0x00000030   Code   RO         3720    i.MQ2_Read_ADC_Average  mq2.o
    0x080026ac   0x080026ac   0x00000050   Code   RO           21    i.MX_ADC1_Init      main.o
    0x080026fc   0x080026fc   0x00000050   Code   RO           22    i.MX_ADC2_Init      main.o
    0x0800274c   0x0800274c   0x000000e4   Code   RO           23    i.MX_GPIO_Init      main.o
    0x08002830   0x08002830   0x00000068   Code   RO           24    i.MX_TIM1_Init      main.o
    0x08002898   0x08002898   0x00000002   Code   RO          271    i.MemManage_Handler  stm32f1xx_it.o
    0x0800289a   0x0800289a   0x00000002   Code   RO          272    i.NMI_Handler       stm32f1xx_it.o
    0x0800289c   0x0800289c   0x00000002   Code   RO          273    i.PendSV_Handler    stm32f1xx_it.o
    0x0800289e   0x0800289e   0x00000002   PAD
    0x080028a0   0x080028a0   0x0000007c   Code   RO           25    i.ReadDhtGroup      main.o
    0x0800291c   0x0800291c   0x00000006   Code   RO         3618    i.Relay_Init        relay.o
    0x08002922   0x08002922   0x00000004   Code   RO         3621    i.Relay_SetState    relay.o
    0x08002926   0x08002926   0x00000022   Code   RO         3622    i.Relay_Write       relay.o
    0x08002948   0x08002948   0x00000078   Code   RO           26    i.RunSystemStateMachine  main.o
    0x080029c0   0x080029c0   0x00000002   Code   RO          274    i.SVC_Handler       stm32f1xx_it.o
    0x080029c2   0x080029c2   0x00000002   PAD
    0x080029c4   0x080029c4   0x00000098   Code   RO           27    i.ScanButtons       main.o
    0x08002a5c   0x08002a5c   0x00000090   Code   RO           28    i.SendTelemetry     main.o
    0x08002aec   0x08002aec   0x00000004   Code   RO          275    i.SysTick_Handler   stm32f1xx_it.o
    0x08002af0   0x08002af0   0x00000078   Code   RO           29    i.SystemClock_Config  main.o
    0x08002b68   0x08002b68   0x00000002   Code   RO         3485    i.SystemInit        system_stm32f1xx.o
    0x08002b6a   0x08002b6a   0x00000002   PAD
    0x08002b6c   0x08002b6c   0x00000078   Code   RO         2243    i.TIM_Base_SetConfig  stm32f1xx_hal_tim.o
    0x08002be4   0x08002be4   0x00000014   Code   RO         2254    i.TIM_ETR_SetConfig  stm32f1xx_hal_tim.o
    0x08002bf8   0x08002bf8   0x00000010   Code   RO         2255    i.TIM_ITRx_SetConfig  stm32f1xx_hal_tim.o
    0x08002c08   0x08002c08   0x00000022   Code   RO         2261    i.TIM_TI1_ConfigInputStage  stm32f1xx_hal_tim.o
    0x08002c2a   0x08002c2a   0x00000024   Code   RO         2263    i.TIM_TI2_ConfigInputStage  stm32f1xx_hal_tim.o
    0x08002c4e   0x08002c4e   0x00000010   Code   RO         3164    i.UART_DMAAbortOnError  stm32f1xx_hal_uart.o
    0x08002c5e   0x08002c5e   0x0000004e   Code   RO         3174    i.UART_EndRxTransfer  stm32f1xx_hal_uart.o
    0x08002cac   0x08002cac   0x000000c2   Code   RO         3176    i.UART_Receive_IT   stm32f1xx_hal_uart.o
    0x08002d6e   0x08002d6e   0x00000002   PAD
    0x08002d70   0x08002d70   0x000000b8   Code   RO         3177    i.UART_SetConfig    stm32f1xx_hal_uart.o
    0x08002e28   0x08002e28   0x00000036   Code   RO         3179    i.UART_Start_Receive_IT  stm32f1xx_hal_uart.o
    0x08002e5e   0x08002e5e   0x00000072   Code   RO         3180    i.UART_WaitOnFlagUntilTimeout  stm32f1xx_hal_uart.o
    0x08002ed0   0x08002ed0   0x0000000c   Code   RO          276    i.USART1_IRQHandler  stm32f1xx_it.o
    0x08002edc   0x08002edc   0x00000138   Code   RO           30    i.UpdateScreen      main.o
    0x08003014   0x08003014   0x00000002   Code   RO          277    i.UsageFault_Handler  stm32f1xx_it.o
    0x08003016   0x08003016   0x00000020   Code   RO         1224    i.__NVIC_SetPriority  stm32f1xx_hal_cortex.o
    0x08003036   0x08003036   0x0000000e   Code   RO         3802    i._is_digit         c_w.l(__printf_wp.o)
    0x08003044   0x08003044   0x0000003c   Code   RO           31    i.btn_press_short_callback  main.o
    0x08003080   0x08003080   0x00000018   Code   RO           32    i.btn_press_timeout_callback  main.o
    0x08003098   0x08003098   0x00000002   Code   RO         3667    i.btn_pressing_callback  button.o
    0x0800309a   0x0800309a   0x00000002   Code   RO         3668    i.btn_release_callback  button.o
    0x0800309c   0x0800309c   0x00000090   Code   RO         3669    i.button_handle     button.o
    0x0800312c   0x0800312c   0x00000006   Code   RO         3670    i.button_init       button.o
    0x08003132   0x08003132   0x00000012   Code   RO         3522    i.lcd_clear         lcd_i2c.o
    0x08003144   0x08003144   0x00000014   Code   RO         3523    i.lcd_gotoxy        lcd_i2c.o
    0x08003158   0x08003158   0x00000086   Code   RO         3524    i.lcd_init          lcd_i2c.o
    0x080031de   0x080031de   0x00000018   Code   RO         3526    i.lcd_puts          lcd_i2c.o
    0x080031f6   0x080031f6   0x0000003a   Code   RO         3527    i.lcd_send_cmd      lcd_i2c.o
    0x08003230   0x08003230   0x0000003a   Code   RO         3528    i.lcd_send_data     lcd_i2c.o
    0x0800326a   0x0800326a   0x00000002   PAD
    0x0800326c   0x0800326c   0x00000184   Code   RO           33    i.main              main.o
    0x080033f0   0x080033f0   0x000001b2   Code   RO         3583    i.readDHT11         dht11.o
    0x080035a2   0x080035a2   0x00000030   Code   RO         3584    i.set_dht11_gpio_mode  dht11.o
    0x080035d2   0x080035d2   0x00000002   PAD
    0x080035d4   0x080035d4   0x00000026   Code   RO         3825    x$fpl$ffltu         fz_ws.l(fflt_clz.o)
    0x080035fa   0x080035fa   0x00000000   Code   RO         3847    x$fpl$usenofp       fz_ws.l(usenofp.o)
    0x080035fa   0x080035fa   0x00000012   Data   RO          922    .constdata          stm32f1xx_hal_rcc.o
    0x0800360c   0x0800360c   0x00000012   Data   RO         1014    .constdata          stm32f1xx_hal_rcc_ex.o
    0x0800361e   0x0800361e   0x00000010   Data   RO         3486    .constdata          system_stm32f1xx.o
    0x0800362e   0x0800362e   0x00000008   Data   RO         3487    .constdata          system_stm32f1xx.o
    0x08003636   0x08003636   0x00000002   PAD
    0x08003638   0x08003638   0x00000020   Data   RO         4002    Region$$Table       anon$$obj.o


    Execution Region RW_IRAM1 (Exec base: 0x20000000, Load base: 0x08003658, Size: 0x000008b8, Max: 0x00005000, ABSOLUTE)

    Exec Addr    Load Addr    Size         Type   Attr      Idx    E Section Name        Object

    0x20000000   0x08003658   0x00000020   Data   RW           35    .data               main.o
    0x20000020   0x08003678   0x0000000c   Data   RW          759    .data               stm32f1xx_hal.o
    0x2000002c   0x08003684   0x00000004   Data   RW         3488    .data               system_stm32f1xx.o
    0x20000030        -       0x00000228   Zero   RW           34    .bss                main.o
    0x20000258        -       0x00000060   Zero   RW         3876    .bss                c_w.l(libspace.o)
    0x200002b8        -       0x00000200   Zero   RW            2    HEAP                startup_stm32f103xb.o
    0x200004b8        -       0x00000400   Zero   RW            1    STACK               startup_stm32f103xb.o


==============================================================================

Image component sizes


      Code (inc. data)   RO Data    RW Data    ZI Data      Debug   Object Name

       154          0          0          0          0       2261   button.o
       490          0          0          0          0       3163   dht11.o
       312          0          0          0          0       3638   lcd_i2c.o
        94          0          0          0          0       1546   ldr.o
      2412        290          0         32        552     465596   main.o
        94          0          0          0          0       1546   mq2.o
        44          0          0          0          0       1746   relay.o
        64         26        236          0       1536        796   startup_stm32f103xb.o
       164         28          0         12          0       5773   stm32f1xx_hal.o
      1312         54          0          0          0       7083   stm32f1xx_hal_adc.o
       198         14          0          0          0      28839   stm32f1xx_hal_cortex.o
       222          4          0          0          0       1723   stm32f1xx_hal_dma.o
       500         34          0          0          0       3455   stm32f1xx_hal_gpio.o
      1398         32          0          0          0       8965   stm32f1xx_hal_i2c.o
       456         60          0          0          0       3504   stm32f1xx_hal_msp.o
      1240         84         18          0          0       5016   stm32f1xx_hal_rcc.o
       400         28         18          0          0       2417   stm32f1xx_hal_rcc_ex.o
       654         26          0          0          0       7148   stm32f1xx_hal_tim.o
       104         12          0          0          0       1324   stm32f1xx_hal_tim_ex.o
      1554         10          0          0          0      10732   stm32f1xx_hal_uart.o
        32          6          0          0          0       4142   stm32f1xx_it.o
         2          0         24          4          0       1071   system_stm32f1xx.o

    ----------------------------------------------------------------------
     11934        708        330         48       2088     571484   Object Totals
         0          0         32          0          0          0   (incl. Generated)
        34          0          2          0          0          0   (incl. Padding)

    ----------------------------------------------------------------------

      Code (inc. data)   RO Data    RW Data    ZI Data      Debug   Library Member Name

         8          0          0          0          0         68   __main.o
       284          0          0          0          0        156   __printf_wp.o
         0          0          0          0          0          0   __rtentry.o
        12          0          0          0          0          0   __rtentry2.o
         6          0          0          0          0          0   __rtentry4.o
        52          8          0          0          0          0   __scatter.o
        26          0          0          0          0          0   __scatter_copy.o
        28          0          0          0          0          0   __scatter_zi.o
        44          0          0          0          0        108   _printf_char.o
        48          6          0          0          0         96   _printf_char_common.o
       120         16          0          0          0         92   _printf_dec.o
       178          0          0          0          0         88   _printf_intcommon.o
        78          0          0          0          0        108   _printf_pad.o
         0          0          0          0          0          0   _printf_percent.o
         4          0          0          0          0          0   _printf_percent_end.o
         6          0          0          0          0          0   _printf_s.o
        82          0          0          0          0         80   _printf_str.o
         6          0          0          0          0          0   _printf_u.o
        16          0          0          0          0         68   _snputc.o
        10          0          0          0          0         68   _sputc.o
        16          0          0          0          0         68   aeabi_memset.o
        18          0          0          0          0         80   exit.o
         6          0          0          0          0        152   heapauxi.o
         0          0          0          0          0          0   indicate_semi.o
         2          0          0          0          0          0   libinit.o
         2          0          0          0          0          0   libinit2.o
         2          0          0          0          0          0   libshutdown.o
         2          0          0          0          0          0   libshutdown2.o
         8          4          0          0         96         68   libspace.o
        52          4          0          0          0         84   noretval__2snprintf.o
        68          0          0          0          0         68   rt_memclr.o
        78          0          0          0          0         80   rt_memclr_w.o
       138          0          0          0          0         68   rt_memcpy_v6.o
       100          0          0          0          0         80   rt_memcpy_w.o
         2          0          0          0          0          0   rtexit.o
        10          0          0          0          0          0   rtexit2.o
        12          4          0          0          0         68   sys_exit.o
        74          0          0          0          0         80   sys_stackheap_outer.o
         2          0          0          0          0         68   use_no_semi.o
        38          0          0          0          0         68   fflt_clz.o
         0          0          0          0          0          0   usenofp.o

    ----------------------------------------------------------------------
      1648         42          0          0         96       1964   Library Totals
        10          0          0          0          0          0   (incl. Padding)

    ----------------------------------------------------------------------

      Code (inc. data)   RO Data    RW Data    ZI Data      Debug   Library Name

      1600         42          0          0         96       1896   c_w.l
        38          0          0          0          0         68   fz_ws.l

    ----------------------------------------------------------------------
      1648         42          0          0         96       1964   Library Totals

    ----------------------------------------------------------------------

==============================================================================


      Code (inc. data)   RO Data    RW Data    ZI Data      Debug   

     13582        750        330         48       2184     566632   Grand Totals
     13582        750        330         48       2184     566632   ELF Image Totals
     13582        750        330         48          0          0   ROM Totals

==============================================================================

    Total RO  Size (Code + RO Data)                13912 (  13.59kB)
    Total RW  Size (RW Data + ZI Data)              2232 (   2.18kB)
    Total ROM Size (Code + RO Data + RW Data)      13960 (  13.63kB)

==============================================================================

